Archive member included to satisfy reference by file (symbol)

c:/ac6/systemworkbench/plugins/fr.ac6.mcu.externaltools.arm-none.win32_1.15.0.201708311556/tools/compiler/bin/../lib/gcc/arm-none-eabi/6.3.1/thumb/v7-m\libgcc.a(_arm_addsubdf3.o)
                              Src/can_log.o (__aeabi_dsub)
c:/ac6/systemworkbench/plugins/fr.ac6.mcu.externaltools.arm-none.win32_1.15.0.201708311556/tools/compiler/bin/../lib/gcc/arm-none-eabi/6.3.1/thumb/v7-m\libgcc.a(_arm_muldivdf3.o)
                              Src/can_log.o (__aeabi_dmul)
c:/ac6/systemworkbench/plugins/fr.ac6.mcu.externaltools.arm-none.win32_1.15.0.201708311556/tools/compiler/bin/../lib/gcc/arm-none-eabi/6.3.1/thumb/v7-m\libgcc.a(_arm_fixdfsi.o)
                              Src/can_log.o (__aeabi_d2iz)
c:/ac6/systemworkbench/plugins/fr.ac6.mcu.externaltools.arm-none.win32_1.15.0.201708311556/tools/compiler/bin/../lib/gcc/arm-none-eabi/6.3.1/thumb/v7-m\libgcc.a(_arm_addsubsf3.o)
                              Src/sd_hal_mpu6050.o (__aeabi_fadd)
c:/ac6/systemworkbench/plugins/fr.ac6.mcu.externaltools.arm-none.win32_1.15.0.201708311556/tools/compiler/bin/../lib/gcc/arm-none-eabi/6.3.1/thumb/v7-m\libgcc.a(_arm_muldivsf3.o)
                              Src/sd_hal_mpu6050.o (__aeabi_fdiv)
c:/ac6/systemworkbench/plugins/fr.ac6.mcu.externaltools.arm-none.win32_1.15.0.201708311556/tools/compiler/bin/../lib/gcc/arm-none-eabi/6.3.1/../../../../arm-none-eabi/lib/thumb/v7-m\libc_nano.a(lib_a-exit.o)
                              c:/ac6/systemworkbench/plugins/fr.ac6.mcu.externaltools.arm-none.win32_1.15.0.201708311556/tools/compiler/bin/../lib/gcc/arm-none-eabi/6.3.1/../../../../arm-none-eabi/lib/thumb/v7-m/crt0.o (exit)
c:/ac6/systemworkbench/plugins/fr.ac6.mcu.externaltools.arm-none.win32_1.15.0.201708311556/tools/compiler/bin/../lib/gcc/arm-none-eabi/6.3.1/../../../../arm-none-eabi/lib/thumb/v7-m\libc_nano.a(lib_a-impure.o)
                              c:/ac6/systemworkbench/plugins/fr.ac6.mcu.externaltools.arm-none.win32_1.15.0.201708311556/tools/compiler/bin/../lib/gcc/arm-none-eabi/6.3.1/../../../../arm-none-eabi/lib/thumb/v7-m\libc_nano.a(lib_a-exit.o) (_global_impure_ptr)
c:/ac6/systemworkbench/plugins/fr.ac6.mcu.externaltools.arm-none.win32_1.15.0.201708311556/tools/compiler/bin/../lib/gcc/arm-none-eabi/6.3.1/../../../../arm-none-eabi/lib/thumb/v7-m\libc_nano.a(lib_a-init.o)
                              c:/ac6/systemworkbench/plugins/fr.ac6.mcu.externaltools.arm-none.win32_1.15.0.201708311556/tools/compiler/bin/../lib/gcc/arm-none-eabi/6.3.1/../../../../arm-none-eabi/lib/thumb/v7-m/crt0.o (__libc_init_array)
c:/ac6/systemworkbench/plugins/fr.ac6.mcu.externaltools.arm-none.win32_1.15.0.201708311556/tools/compiler/bin/../lib/gcc/arm-none-eabi/6.3.1/../../../../arm-none-eabi/lib/thumb/v7-m\libc_nano.a(lib_a-memset.o)
                              c:/ac6/systemworkbench/plugins/fr.ac6.mcu.externaltools.arm-none.win32_1.15.0.201708311556/tools/compiler/bin/../lib/gcc/arm-none-eabi/6.3.1/../../../../arm-none-eabi/lib/thumb/v7-m/crt0.o (memset)
c:/ac6/systemworkbench/plugins/fr.ac6.mcu.externaltools.arm-none.win32_1.15.0.201708311556/tools/compiler/bin/../lib/gcc/arm-none-eabi/6.3.1/../../../../arm-none-eabi/lib/thumb/v7-m\libc_nano.a(lib_a-sprintf.o)
                              Src/can_log.o (sprintf)
c:/ac6/systemworkbench/plugins/fr.ac6.mcu.externaltools.arm-none.win32_1.15.0.201708311556/tools/compiler/bin/../lib/gcc/arm-none-eabi/6.3.1/../../../../arm-none-eabi/lib/thumb/v7-m\libc_nano.a(lib_a-vsprintf.o)
                              Src/main.o (vsprintf)
c:/ac6/systemworkbench/plugins/fr.ac6.mcu.externaltools.arm-none.win32_1.15.0.201708311556/tools/compiler/bin/../lib/gcc/arm-none-eabi/6.3.1/../../../../arm-none-eabi/lib/thumb/v7-m\libc_nano.a(lib_a-nano-svfprintf.o)
                              c:/ac6/systemworkbench/plugins/fr.ac6.mcu.externaltools.arm-none.win32_1.15.0.201708311556/tools/compiler/bin/../lib/gcc/arm-none-eabi/6.3.1/../../../../arm-none-eabi/lib/thumb/v7-m\libc_nano.a(lib_a-sprintf.o) (_svfprintf_r)
c:/ac6/systemworkbench/plugins/fr.ac6.mcu.externaltools.arm-none.win32_1.15.0.201708311556/tools/compiler/bin/../lib/gcc/arm-none-eabi/6.3.1/../../../../arm-none-eabi/lib/thumb/v7-m\libc_nano.a(lib_a-nano-vfprintf_i.o)
                              c:/ac6/systemworkbench/plugins/fr.ac6.mcu.externaltools.arm-none.win32_1.15.0.201708311556/tools/compiler/bin/../lib/gcc/arm-none-eabi/6.3.1/../../../../arm-none-eabi/lib/thumb/v7-m\libc_nano.a(lib_a-nano-svfprintf.o) (_printf_i)
c:/ac6/systemworkbench/plugins/fr.ac6.mcu.externaltools.arm-none.win32_1.15.0.201708311556/tools/compiler/bin/../lib/gcc/arm-none-eabi/6.3.1/../../../../arm-none-eabi/lib/thumb/v7-m\libc_nano.a(lib_a-memchr-stub.o)
[...]
Memory Configuration

Name             Origin             Length             Attributes
RAM              0x20000000         0x00005000         xrw
FLASH            0x08000000         0x00010000         xr
*default*        0x00000000         0xffffffff

Linker script and memory map

LOAD c:/ac6/systemworkbench/plugins/fr.ac6.mcu.externaltools.arm-none.win32_1.15.0.201708311556/tools/compiler/bin/../lib/gcc/arm-none-eabi/6.3.1/thumb/v7-m/crti.o
LOAD c:/ac6/systemworkbench/plugins/fr.ac6.mcu.externaltools.arm-none.win32_1.15.0.201708311556/tools/compiler/bin/../lib/gcc/arm-none-eabi/6.3.1/thumb/v7-m/crtbegin.o
LOAD c:/ac6/systemworkbench/plugins/fr.ac6.mcu.externaltools.arm-none.win32_1.15.0.201708311556/tools/compiler/bin/../lib/gcc/arm-none-eabi/6.3.1/../../../../arm-none-eabi/lib/thumb/v7-m/crt0.o
LOAD Drivers/STM32F1xx_HAL_Driver/Src/stm32f1xx_hal.o
LOAD Drivers/STM32F1xx_HAL_Driver/Src/stm32f1xx_hal_can.o
LOAD Drivers/STM32F1xx_HAL_Driver/Src/stm32f1xx_hal_cortex.o
LOAD Drivers/STM32F1xx_HAL_Driver/Src/stm32f1xx_hal_dma.o
LOAD Drivers/STM32F1xx_HAL_Driver/Src/stm32f1xx_hal_flash.o
LOAD Drivers/STM32F1xx_HAL_Driver/Src/stm32f1xx_hal_flash_ex.o
LOAD Drivers/STM32F1xx_HAL_Driver/Src/stm32f1xx_hal_gpio.o
LOAD Drivers/STM32F1xx_HAL_Driver/Src/stm32f1xx_hal_gpio_ex.o
LOAD Drivers/STM32F1xx_HAL_Driver/Src/stm32f1xx_hal_i2c.o
LOAD Drivers/STM32F1xx_HAL_Driver/Src/stm32f1xx_hal_pwr.o
LOAD Drivers/STM32F1xx_HAL_Driver/Src/stm32f1xx_hal_rcc.o
LOAD Drivers/STM32F1xx_HAL_Driver/Src/stm32f1xx_hal_rcc_ex.o
LOAD Drivers/STM32F1xx_HAL_Driver/Src/stm32f1xx_hal_spi.o
LOAD Drivers/STM32F1xx_HAL_Driver/Src/stm32f1xx_hal_spi_ex.o
LOAD Drivers/STM32F1xx_HAL_Driver/Src/stm32f1xx_hal_tim.o
LOAD Drivers/STM32F1xx_HAL_Driver/Src/stm32f1xx_hal_tim_ex.o
LOAD Drivers/STM32F1xx_HAL_Driver/Src/stm32f1xx_hal_uart.o
LOAD Middlewares/Third_Party/FatFs/src/diskio.o
LOAD Middlewares/Third_Party/FatFs/src/ff.o
LOAD Middlewares/Third_Party/FatFs/src/ff_gen_drv.o
LOAD Middlewares/Third_Party/FatFs/src/option/ccsbcs.o
LOAD Middlewares/Third_Party/FatFs/src/option/syscall.o
LOAD Src/can.o
LOAD Src/can_log.o
LOAD Src/fatfs.o
LOAD Src/fatfs_sd.o
LOAD Src/gpio.o
LOAD Src/i2c.o
LOAD Src/main.o
LOAD Src/master_da_prototipo.o
LOAD Src/sd_hal_mpu6050.o
LOAD Src/spi.o
LOAD Src/stm32f1xx_hal_msp.o
LOAD Src/stm32f1xx_it.o
LOAD Src/system_stm32f1xx.o
LOAD Src/usart.o
LOAD Src/user_diskio.o
LOAD startup/startup_stm32f103xb.o
LOAD c:/ac6/systemworkbench/plugins/fr.ac6.mcu.externaltools.arm-none.win32_1.15.0.201708311556/tools/compiler/bin/../lib/gcc/arm-none-eabi/6.3.1/../../../../arm-none-eabi/lib/thumb/v7-m\libm.a
START GROUP
LOAD c:/ac6/systemworkbench/plugins/fr.ac6.mcu.externaltools.arm-none.win32_1.15.0.201708311556/tools/compiler/bin/../lib/gcc/arm-none-eabi/6.3.1/thumb/v7-m\libgcc.a
LOAD c:/ac6/systemworkbench/plugins/fr.ac6.mcu.externaltools.arm-none.win32_1.15.0.201708311556/tools/compiler/bin/../lib/gcc/arm-none-eabi/6.3.1/../../../../arm-none-eabi/lib/thumb/v7-m\libc_nano.a
END GROUP
START GROUP
LOAD c:/ac6/systemworkbench/plugins/fr.ac6.mcu.externaltools.arm-none.win32_1.15.0.201708311556/tools/compiler/bin/../lib/gcc/arm-none-eabi/6.3.1/thumb/v7-m\libgcc.a
LOAD c:/ac6/systemworkbench/plugins/fr.ac6.mcu.externaltools.arm-none.win32_1.15.0.201708311556/tools/compiler/bin/../lib/gcc/arm-none-eabi/6.3.1/../../../../arm-none-eabi/lib/thumb/v7-m\libc_nano.a
LOAD c:/ac6/systemworkbench/plugins/fr.ac6.mcu.externaltools.arm-none.win32_1.15.0.201708311556/tools/compiler/bin/../lib/gcc/arm-none-eabi/6.3.1/../../../../arm-none-eabi/lib/thumb/v7-m\libnosys.a
END GROUP
START GROUP
LOAD c:/ac6/systemworkbench/plugins/fr.ac6.mcu.externaltools.arm-none.win32_1.15.0.201708311556/tools/compiler/bin/../lib/gcc/arm-none-eabi/6.3.1/thumb/v7-m\libgcc.a
LOAD c:/ac6/systemworkbench/plugins/fr.ac6.mcu.externaltools.arm-none.win32_1.15.0.201708311556/tools/compiler/bin/../lib/gcc/arm-none-eabi/6.3.1/../../../../arm-none-eabi/lib/thumb/v7-m\libc_nano.a
LOAD c:/ac6/systemworkbench/plugins/fr.ac6.mcu.externaltools.arm-none.win32_1.15.0.201708311556/tools/compiler/bin/../lib/gcc/arm-none-eabi/6.3.1/../../../../arm-none-eabi/lib/thumb/v7-m\libnosys.a
END GROUP
LOAD c:/ac6/systemworkbench/plugins/fr.ac6.mcu.externaltools.arm-none.win32_1.15.0.201708311556/tools/compiler/bin/../lib/gcc/arm-none-eabi/6.3.1/thumb/v7-m/crtend.o
LOAD c:/ac6/systemworkbench/plugins/fr.ac6.mcu.externaltools.arm-none.win32_1.15.0.201708311556/tools/compiler/bin/../lib/gcc/arm-none-eabi/6.3.1/thumb/v7-m/crtn.o
                0x20005000                _estack = 0x20005000
                0x00000200                _Min_Heap_Size = 0x200
                0x00000400                _Min_Stack_Size = 0x400

.isr_vector     0x08000000      0x10c
                0x08000000                . = ALIGN (0x4)
 *(.isr_vector)
 .isr_vector    0x08000000      0x10c startup/startup_stm32f103xb.o
                0x08000000                g_pfnVectors
                0x0800010c                . = ALIGN (0x4)

.text           0x0800010c     0x6e48
                0x0800010c                . = ALIGN (0x4)
 *(.text)
 .text          0x0800010c       0x6c c:/ac6/systemworkbench/plugins/fr.ac6.mcu.externaltools.arm-none.win32_1.15.0.201708311556/tools/compiler/bin/../lib/gcc/arm-none-eabi/6.3.1/thumb/v7-m/crtbegin.o
 .text          0x08000178      0x370 c:/ac6/systemworkbench/plugins/fr.ac6.mcu.externaltools.arm-none.win32_1.15.0.201708311556/tools/compiler/bin/../lib/gcc/arm-none-eabi/6.3.1/thumb/v7-m\libgcc.a(_arm_addsubdf3.o)
                0x08000178                __aeabi_drsub
                0x08000180                __aeabi_dsub
                0x08000180                __subdf3
                0x08000184                __aeabi_dadd
                0x08000184                __adddf3
                0x080003fc                __floatunsidf
                0x080003fc                __aeabi_ui2d
                0x0800041c                __floatsidf
                0x0800041c                __aeabi_i2d
                0x08000440                __aeabi_f2d
                0x08000440                __extendsfdf2
                0x0800047c                __floatundidf
                0x0800047c                __aeabi_ul2d
                0x0800048c                __floatdidf
                0x0800048c                __aeabi_l2d
 .text          0x080004e8      0x424 c:/ac6/systemworkbench/plugins/fr.ac6.mcu.externaltools.arm-none.win32_1.15.0.201708311556/tools/compiler/bin/../lib/gcc/arm-none-eabi/6.3.1/thumb/v7-m\libgcc.a(_arm_muldivdf3.o)
                0x080004e8                __aeabi_dmul
                0x080004e8                __muldf3
                0x0800073c                __divdf3
                0x0800073c                __aeabi_ddiv
 .text          0x0800090c       0x50 c:/ac6/systemworkbench/plugins/fr.ac6.mcu.externaltools.arm-none.win32_1.15.0.201708311556/tools/compiler/bin/../lib/gcc/arm-none-eabi/6.3.1/thumb/v7-m\libgcc.a(_arm_fixdfsi.o)
                0x0800090c                __aeabi_d2iz
                0x0800090c                __fixdfsi
 *(.text*)
 .text.HAL_InitTick
                0x0800095c       0x48 Drivers/STM32F1xx_HAL_Driver/Src/stm32f1xx_hal.o
                0x0800095c                HAL_InitTick
 .text.HAL_Init
                0x080009a4       0x24 Drivers/STM32F1xx_HAL_Driver/Src/stm32f1xx_hal.o
                0x080009a4                HAL_Init
 .text.HAL_IncTick
                0x080009c8       0x18 Drivers/STM32F1xx_HAL_Driver/Src/stm32f1xx_hal.o
                0x080009c8                HAL_IncTick
 .text.HAL_GetTick
                0x080009e0        0xc Drivers/STM32F1xx_HAL_Driver/Src/stm32f1xx_hal.o
                0x080009e0                HAL_GetTick
 .text.HAL_Delay
                0x080009ec       0x28 Drivers/STM32F1xx_HAL_Driver/Src/stm32f1xx_hal.o
                0x080009ec                HAL_Delay
 .text.HAL_CAN_ConfigFilter
                0x08000a14      0x106 Drivers/STM32F1xx_HAL_Driver/Src/stm32f1xx_hal_can.o
                0x08000a14                HAL_CAN_ConfigFilter
 .text.HAL_CAN_Init
                0x08000b1a      0x142 Drivers/STM32F1xx_HAL_Driver/Src/stm32f1xx_hal_can.o
                0x08000b1a                HAL_CAN_Init
 .text.HAL_CAN_Receive_IT
                0x08000c5c      0x128 Drivers/STM32F1xx_HAL_Driver/Src/stm32f1xx_hal_can.o
                0x08000c5c                HAL_CAN_Receive_IT
 .text.HAL_CAN_TxCpltCallback
                0x08000d84        0x2 Drivers/STM32F1xx_HAL_Driver/Src/stm32f1xx_hal_can.o
                0x08000d84                HAL_CAN_TxCpltCallback
 .text.CAN_Transmit_IT
                0x08000d86       0x5a Drivers/STM32F1xx_HAL_Driver/Src/stm32f1xx_hal_can.o
 .text.HAL_CAN_RxCpltCallback
                0x08000de0        0x2 Drivers/STM32F1xx_HAL_Driver/Src/stm32f1xx_hal_can.o
                0x08000de0                HAL_CAN_RxCpltCallback
 .text.CAN_Receive_IT
                0x08000de2      0x174 Drivers/STM32F1xx_HAL_Driver/Src/stm32f1xx_hal_can.o
 *fill*         0x08000f56        0x2 
 .text.HAL_CAN_IRQHandler
                0x08000f58      0x1fc Drivers/STM32F1xx_HAL_Driver/Src/stm32f1xx_hal_can.o
                0x08000f58                HAL_CAN_IRQHandler
 .text.HAL_NVIC_SetPriorityGrouping
                0x08001154       0x24 Drivers/STM32F1xx_HAL_Driver/Src/stm32f1xx_hal_cortex.o
                0x08001154                HAL_NVIC_SetPriorityGrouping
 .text.HAL_NVIC_SetPriority
                0x08001178       0x64 Drivers/STM32F1xx_HAL_Driver/Src/stm32f1xx_hal_cortex.o
                0x08001178                HAL_NVIC_SetPriority
 .text.HAL_NVIC_EnableIRQ
                0x080011dc       0x18 Drivers/STM32F1xx_HAL_Driver/Src/stm32f1xx_hal_cortex.o
                0x080011dc                HAL_NVIC_EnableIRQ
 .text.HAL_SYSTICK_Config
                0x080011f4       0x2c Drivers/STM32F1xx_HAL_Driver/Src/stm32f1xx_hal_cortex.o
                0x080011f4                HAL_SYSTICK_Config
 .text.HAL_SYSTICK_CLKSourceConfig
                0x08001220       0x20 Drivers/STM32F1xx_HAL_Driver/Src/stm32f1xx_hal_cortex.o
                0x08001220                HAL_SYSTICK_CLKSourceConfig
 .text.HAL_SYSTICK_Callback
                0x08001240        0x2 Drivers/STM32F1xx_HAL_Driver/Src/stm32f1xx_hal_cortex.o
                0x08001240                HAL_SYSTICK_Callback
 .text.HAL_SYSTICK_IRQHandler
                0x08001242        0x8 Drivers/STM32F1xx_HAL_Driver/Src/stm32f1xx_hal_cortex.o
                0x08001242                HAL_SYSTICK_IRQHandler
 *fill*         0x0800124a        0x2 
 .text.HAL_GPIO_Init
                0x0800124c      0x1ec Drivers/STM32F1xx_HAL_Driver/Src/stm32f1xx_hal_gpio.o
                0x0800124c                HAL_GPIO_Init
 .text.HAL_GPIO_WritePin
                0x08001438        0xc Drivers/STM32F1xx_HAL_Driver/Src/stm32f1xx_hal_gpio.o
                0x08001438                HAL_GPIO_WritePin
 .text.HAL_GPIO_TogglePin
                0x08001444        0x8 Drivers/STM32F1xx_HAL_Driver/Src/stm32f1xx_hal_gpio.o
                0x08001444                HAL_GPIO_TogglePin
 .text.I2C_IsAcknowledgeFailed
                0x0800144c       0x2a Drivers/STM32F1xx_HAL_Driver/Src/stm32f1xx_hal_i2c.o
 .text.I2C_WaitOnFlagUntilTimeout
                0x08001476       0x68 Drivers/STM32F1xx_HAL_Driver/Src/stm32f1xx_hal_i2c.o
 .text.I2C_WaitOnMasterAddressFlagUntilTimeout
                0x080014de       0x90 Drivers/STM32F1xx_HAL_Driver/Src/stm32f1xx_hal_i2c.o
 *fill*         0x0800156e        0x2 
 .text.I2C_MasterRequestWrite
                0x08001570       0xbc Drivers/STM32F1xx_HAL_Driver/Src/stm32f1xx_hal_i2c.o
 .text.I2C_MasterRequestRead
                0x0800162c      0x120 Drivers/STM32F1xx_HAL_Driver/Src/stm32f1xx_hal_i2c.o
 .text.I2C_WaitOnTXEFlagUntilTimeout
                0x0800174c       0x4e Drivers/STM32F1xx_HAL_Driver/Src/stm32f1xx_hal_i2c.o
 .text.I2C_WaitOnBTFFlagUntilTimeout
                0x0800179a       0x4e Drivers/STM32F1xx_HAL_Driver/Src/stm32f1xx_hal_i2c.o
 .text.I2C_WaitOnRXNEFlagUntilTimeout
                0x080017e8       0x5c Drivers/STM32F1xx_HAL_Driver/Src/stm32f1xx_hal_i2c.o
 .text.HAL_I2C_Init
                0x08001844      0x168 Drivers/STM32F1xx_HAL_Driver/Src/stm32f1xx_hal_i2c.o
                0x08001844                HAL_I2C_Init
 .text.HAL_I2C_Master_Transmit
                0x080019ac      0x184 Drivers/STM32F1xx_HAL_Driver/Src/stm32f1xx_hal_i2c.o
                0x080019ac                HAL_I2C_Master_Transmit
 .text.HAL_I2C_Master_Receive
                0x08001b30      0x300 Drivers/STM32F1xx_HAL_Driver/Src/stm32f1xx_hal_i2c.o
                0x08001b30                HAL_I2C_Master_Receive
 .text.HAL_I2C_IsDeviceReady
                0x08001e30      0x18c Drivers/STM32F1xx_HAL_Driver/Src/stm32f1xx_hal_i2c.o
                0x08001e30                HAL_I2C_IsDeviceReady
 .text.RCC_Delay
                0x08001fbc       0x2c Drivers/STM32F1xx_HAL_Driver/Src/stm32f1xx_hal_rcc.o
 .text.HAL_RCC_OscConfig
                0x08001fe8      0x3e0 Drivers/STM32F1xx_HAL_Driver/Src/stm32f1xx_hal_rcc.o
                0x08001fe8                HAL_RCC_OscConfig
 .text.HAL_RCC_GetSysClockFreq
                0x080023c8       0x6c Drivers/STM32F1xx_HAL_Driver/Src/stm32f1xx_hal_rcc.o
                0x080023c8                HAL_RCC_GetSysClockFreq
 .text.HAL_RCC_ClockConfig
                0x08002434      0x178 Drivers/STM32F1xx_HAL_Driver/Src/stm32f1xx_hal_rcc.o
                0x08002434                HAL_RCC_ClockConfig
 .text.HAL_RCC_GetHCLKFreq
                0x080025ac        0xc Drivers/STM32F1xx_HAL_Driver/Src/stm32f1xx_hal_rcc.o
                0x080025ac                HAL_RCC_GetHCLKFreq
 .text.HAL_RCC_GetPCLK1Freq
                0x080025b8       0x20 Drivers/STM32F1xx_HAL_Driver/Src/stm32f1xx_hal_rcc.o
                0x080025b8                HAL_RCC_GetPCLK1Freq
 .text.HAL_RCC_GetPCLK2Freq
                0x080025d8       0x20 Drivers/STM32F1xx_HAL_Driver/Src/stm32f1xx_hal_rcc.o
                0x080025d8                HAL_RCC_GetPCLK2Freq
 .text.SPI_WaitFlagStateUntilTimeout
                0x080025f8       0x96 Drivers/STM32F1xx_HAL_Driver/Src/stm32f1xx_hal_spi.o
 .text.SPI_CheckFlag_BSY
                0x0800268e       0x26 Drivers/STM32F1xx_HAL_Driver/Src/stm32f1xx_hal_spi.o
 .text.HAL_SPI_Transmit
                0x080026b4      0x1ac Drivers/STM32F1xx_HAL_Driver/Src/stm32f1xx_hal_spi.o
                0x080026b4                HAL_SPI_Transmit
 .text.HAL_SPI_TransmitReceive
                0x08002860      0x242 Drivers/STM32F1xx_HAL_Driver/Src/stm32f1xx_hal_spi.o
                0x08002860                HAL_SPI_TransmitReceive
 .text.HAL_SPI_GetState
                0x08002aa2        0x6 Drivers/STM32F1xx_HAL_Driver/Src/stm32f1xx_hal_spi.o
                0x08002aa2                HAL_SPI_GetState
 .text.HAL_SPI_Init
                0x08002aa8       0x82 Drivers/STM32F1xx_HAL_Driver/Src/stm32f1xx_hal_spi_ex.o
                0x08002aa8                HAL_SPI_Init
 *fill*         0x08002b2a        0x2 
 .text.UART_SetConfig
                0x08002b2c      0x1b0 Drivers/STM32F1xx_HAL_Driver/Src/stm32f1xx_hal_uart.o
 .text.HAL_UART_Init
                0x08002cdc       0x5e Drivers/STM32F1xx_HAL_Driver/Src/stm32f1xx_hal_uart.o
                0x08002cdc                HAL_UART_Init
 *fill*         0x08002d3a        0x2 
 .text.disk_status
                0x08002d3c       0x18 Middlewares/Third_Party/FatFs/src/diskio.o
                0x08002d3c                disk_status
 .text.disk_initialize
                0x08002d54       0x28 Middlewares/Third_Party/FatFs/src/diskio.o
                0x08002d54                disk_initialize
 .text.disk_read
                0x08002d7c       0x18 Middlewares/Third_Party/FatFs/src/diskio.o
                0x08002d7c                disk_read
 .text.disk_write
                0x08002d94       0x18 Middlewares/Third_Party/FatFs/src/diskio.o
                0x08002d94                disk_write
 .text.disk_ioctl
                0x08002dac       0x18 Middlewares/Third_Party/FatFs/src/diskio.o
                0x08002dac                disk_ioctl
 .text.mem_cpy  0x08002dc4       0x14 Middlewares/Third_Party/FatFs/src/ff.o
 .text.mem_set  0x08002dd8       0x10 Middlewares/Third_Party/FatFs/src/ff.o
 .text.mem_cmp  0x08002de8       0x22 Middlewares/Third_Party/FatFs/src/ff.o
 .text.chk_chr  0x08002e0a       0x10 Middlewares/Third_Party/FatFs/src/ff.o
 *fill*         0x08002e1a        0x2 
 .text.chk_lock
                0x08002e1c       0x90 Middlewares/Third_Party/FatFs/src/ff.o
 .text.enq_lock
                0x08002eac       0x24 Middlewares/Third_Party/FatFs/src/ff.o
 .text.inc_lock
                0x08002ed0       0xe0 Middlewares/Third_Party/FatFs/src/ff.o
 .text.dec_lock
                0x08002fb0       0x44 Middlewares/Third_Party/FatFs/src/ff.o
 .text.clear_lock
                0x08002ff4       0x34 Middlewares/Third_Party/FatFs/src/ff.o
 .text.clmt_clust
                0x08003028       0x36 Middlewares/Third_Party/FatFs/src/ff.o
 .text.ld_clust
                0x0800305e       0x24 Middlewares/Third_Party/FatFs/src/ff.o
 .text.st_clust
                0x08003082       0x12 Middlewares/Third_Party/FatFs/src/ff.o
 .text.fit_lfn  0x08003094       0x64 Middlewares/Third_Party/FatFs/src/ff.o
 .text.gen_numname
                0x080030f8       0xa6 Middlewares/Third_Party/FatFs/src/ff.o
 .text.sum_sfn  0x0800319e       0x1c Middlewares/Third_Party/FatFs/src/ff.o
 .text.get_ldnumber
                0x080031ba       0x52 Middlewares/Third_Party/FatFs/src/ff.o
 .text.sync_window
                0x0800320c       0x76 Middlewares/Third_Party/FatFs/src/ff.o
 .text.move_window
                0x08003282       0x40 Middlewares/Third_Party/FatFs/src/ff.o
 *fill*         0x080032c2        0x2 
 .text.check_fs
                0x080032c4       0x98 Middlewares/Third_Party/FatFs/src/ff.o
 .text.validate
                0x0800335c       0x4e Middlewares/Third_Party/FatFs/src/ff.o
 *fill*         0x080033aa        0x2 
 .text.find_volume
                0x080033ac      0x3fc Middlewares/Third_Party/FatFs/src/ff.o
 .text.sync_fs  0x080037a8       0xd6 Middlewares/Third_Party/FatFs/src/ff.o
 *fill*         0x0800387e        0x2 
 .text.create_name
                0x08003880      0x230 Middlewares/Third_Party/FatFs/src/ff.o
 .text.get_fileinfo
                0x08003ab0       0xec Middlewares/Third_Party/FatFs/src/ff.o
 .text.cmp_lfn  0x08003b9c       0x98 Middlewares/Third_Party/FatFs/src/ff.o
 .text.clust2sect
                0x08003c34       0x24 Middlewares/Third_Party/FatFs/src/ff.o
                0x08003c34                clust2sect
 .text.get_fat  0x08003c58      0x130 Middlewares/Third_Party/FatFs/src/ff.o
                0x08003c58                get_fat
 .text.dir_sdi  0x08003d88       0xf4 Middlewares/Third_Party/FatFs/src/ff.o
 .text.put_fat  0x08003e7c      0x180 Middlewares/Third_Party/FatFs/src/ff.o
                0x08003e7c                put_fat
 .text.create_chain
                0x08003ffc       0xdc Middlewares/Third_Party/FatFs/src/ff.o
 .text.dir_next
                0x080040d8      0x19c Middlewares/Third_Party/FatFs/src/ff.o
 .text.dir_find
                0x08004274       0xfa Middlewares/Third_Party/FatFs/src/ff.o
 .text.follow_path
                0x0800436e       0x96 Middlewares/Third_Party/FatFs/src/ff.o
 .text.dir_alloc
                0x08004404       0x5a Middlewares/Third_Party/FatFs/src/ff.o
 *fill*         0x0800445e        0x2 
 .text.dir_register
                0x08004460      0x174 Middlewares/Third_Party/FatFs/src/ff.o
 .text.remove_chain
                0x080045d4       0x7c Middlewares/Third_Party/FatFs/src/ff.o
 .text.f_mount  0x08004650       0x68 Middlewares/Third_Party/FatFs/src/ff.o
                0x08004650                f_mount
 .text.f_open   0x080046b8      0x228 Middlewares/Third_Party/FatFs/src/ff.o
                0x080046b8                f_open
 .text.f_write  0x080048e0      0x2b8 Middlewares/Third_Party/FatFs/src/ff.o
                0x080048e0                f_write
 .text.f_sync   0x08004b98       0xda Middlewares/Third_Party/FatFs/src/ff.o
                0x08004b98                f_sync
 .text.f_close  0x08004c72       0x36 Middlewares/Third_Party/FatFs/src/ff.o
                0x08004c72                f_close
 .text.f_lseek  0x08004ca8      0x3ba Middlewares/Third_Party/FatFs/src/ff.o
                0x08004ca8                f_lseek
 *fill*         0x08005062        0x2 
 .text.f_stat   0x08005064       0x6c Middlewares/Third_Party/FatFs/src/ff.o
                0x08005064                f_stat
 .text.FATFS_LinkDriverEx
                0x080050d0       0x4c Middlewares/Third_Party/FatFs/src/ff_gen_drv.o
                0x080050d0                FATFS_LinkDriverEx
 .text.FATFS_LinkDriver
                0x0800511c        0xa Middlewares/Third_Party/FatFs/src/ff_gen_drv.o
                0x0800511c                FATFS_LinkDriver
 *fill*         0x08005126        0x2 
 .text.ff_convert
                0x08005128       0x38 Middlewares/Third_Party/FatFs/src/option/ccsbcs.o
                0x08005128                ff_convert
 .text.ff_wtoupper
                0x08005160       0x28 Middlewares/Third_Party/FatFs/src/option/ccsbcs.o
                0x08005160                ff_wtoupper
 .text.MX_CAN_Init
                0x08005188       0x48 Src/can.o
                0x08005188                MX_CAN_Init
 .text.HAL_CAN_MspInit
                0x080051d0       0x94 Src/can.o
                0x080051d0                HAL_CAN_MspInit
 .text.CAN_ConfigFilter
                0x08005264       0x48 Src/can.o
                0x08005264                CAN_ConfigFilter
 .text.CAN_Receive_II
                0x080052ac       0x20 Src/can.o
                0x080052ac                CAN_Receive_II
 .text.initRxMes
                0x080052cc       0x22 Src/can.o
                0x080052cc                initRxMes
 *fill*         0x080052ee        0x2 
 .text.CAN_ConfigFrames
                0x080052f0       0x34 Src/can.o
                0x080052f0                CAN_ConfigFrames
 .text.HAL_CAN_ErrorCallback
                0x08005324       0x30 Src/can.o
                0x08005324                HAL_CAN_ErrorCallback
 .text.SD_Create_File
                0x08005354       0x54 Src/can_log.o
                0x08005354                SD_Create_File
 .text.canMessageReceived
                0x080053a8      0x1ac Src/can_log.o
                0x080053a8                canMessageReceived
 .text.writeSD  0x08005554      0x224 Src/can_log.o
                0x08005554                writeSD
 .text.MX_FATFS_Init
                0x08005778       0x1c Src/fatfs.o
                0x08005778                MX_FATFS_Init
 .text.get_fattime
                0x08005794        0x4 Src/fatfs.o
                0x08005794                get_fattime
 .text.SD_PowerOff
                0x08005798        0xc Src/fatfs_sd.o
 .text.SD_CheckPower
                0x080057a4        0xc Src/fatfs_sd.o
 .text.SPI_TxByte
                0x080057b0       0x2c Src/fatfs_sd.o
 .text.SELECT   0x080057dc       0x14 Src/fatfs_sd.o
 .text.DESELECT
                0x080057f0       0x14 Src/fatfs_sd.o
 .text.SPI_RxByte
                0x08005804       0x40 Src/fatfs_sd.o
 .text.SD_PowerOn
                0x08005844       0x78 Src/fatfs_sd.o
 .text.SD_ReadyWait
                0x080058bc       0x24 Src/fatfs_sd.o
 .text.SD_SendCmd
                0x080058e0       0x6a Src/fatfs_sd.o
 .text.SPI_RxBytePtr
                0x0800594a        0xc Src/fatfs_sd.o
 *fill*         0x08005956        0x2 
 .text.SD_RxDataBlock
                0x08005958       0x48 Src/fatfs_sd.o
 .text.SD_TxDataBlock
                0x080059a0       0x70 Src/fatfs_sd.o
 .text.SD_disk_initialize
                0x08005a10      0x188 Src/fatfs_sd.o
                0x08005a10                SD_disk_initialize
 .text.SD_disk_status
                0x08005b98       0x14 Src/fatfs_sd.o
                0x08005b98                SD_disk_status
 .text.SD_disk_read
                0x08005bac       0x94 Src/fatfs_sd.o
                0x08005bac                SD_disk_read
 .text.SD_disk_write
                0x08005c40       0xc0 Src/fatfs_sd.o
                0x08005c40                SD_disk_write
 .text.SD_disk_ioctl
                0x08005d00      0x194 Src/fatfs_sd.o
                0x08005d00                SD_disk_ioctl
 .text.MX_GPIO_Init
                0x08005e94       0xb0 Src/gpio.o
                0x08005e94                MX_GPIO_Init
 .text.MX_I2C1_Init
                0x08005f44       0x44 Src/i2c.o
                0x08005f44                MX_I2C1_Init
 .text.HAL_I2C_MspInit
                0x08005f88       0x48 Src/i2c.o
                0x08005f88                HAL_I2C_MspInit
 .text._Error_Handler
                0x08005fd0        0x2 Src/main.o
                0x08005fd0                _Error_Handler
 *fill*         0x08005fd2        0x2 
 .text.SystemClock_Config
                0x08005fd4       0x84 Src/main.o
                0x08005fd4                SystemClock_Config
 .text.main     0x08006058       0x48 Src/main.o
                0x08006058                main
 .text.SetupACEL
                0x080060a0       0x20 Src/master_da_prototipo.o
                0x080060a0                SetupACEL
 .text.recordAccelRegisters
                0x080060c0       0x14 Src/master_da_prototipo.o
                0x080060c0                recordAccelRegisters
 .text.SD_MPU6050_SetDLPF
                0x080060d4       0x2a Src/sd_hal_mpu6050.o
                0x080060d4                SD_MPU6050_SetDLPF
 .text.SD_MPU6050_SetDataRate
                0x080060fe       0x2a Src/sd_hal_mpu6050.o
                0x080060fe                SD_MPU6050_SetDataRate
 .text.SD_MPU6050_SetAccelerometer
                0x08006128       0xa4 Src/sd_hal_mpu6050.o
                0x08006128                SD_MPU6050_SetAccelerometer
 .text.SD_MPU6050_SetGyroscope
                0x080061cc       0xac Src/sd_hal_mpu6050.o
                0x080061cc                SD_MPU6050_SetGyroscope
 .text.SD_MPU6050_Init
                0x08006278       0xb6 Src/sd_hal_mpu6050.o
                0x08006278                SD_MPU6050_Init
 .text.SD_MPU6050_ReadAccelerometer
                0x0800632e       0x6a Src/sd_hal_mpu6050.o
                0x0800632e                SD_MPU6050_ReadAccelerometer
 .text.MX_SPI2_Init
                0x08006398       0x48 Src/spi.o
                0x08006398                MX_SPI2_Init
 .text.HAL_SPI_MspInit
                0x080063e0       0x5c Src/spi.o
                0x080063e0                HAL_SPI_MspInit
 .text.HAL_MspInit
                0x0800643c       0xa0 Src/stm32f1xx_hal_msp.o
                0x0800643c                HAL_MspInit
 .text.NMI_Handler
                0x080064dc        0x2 Src/stm32f1xx_it.o
                0x080064dc                NMI_Handler
 .text.HardFault_Handler
                0x080064de        0x2 Src/stm32f1xx_it.o
                0x080064de                HardFault_Handler
 .text.MemManage_Handler
                0x080064e0        0x2 Src/stm32f1xx_it.o
                0x080064e0                MemManage_Handler
 .text.BusFault_Handler
                0x080064e2        0x2 Src/stm32f1xx_it.o
                0x080064e2                BusFault_Handler
 .text.UsageFault_Handler
                0x080064e4        0x2 Src/stm32f1xx_it.o
                0x080064e4                UsageFault_Handler
 .text.SVC_Handler
                0x080064e6        0x2 Src/stm32f1xx_it.o
                0x080064e6                SVC_Handler
 .text.DebugMon_Handler
                0x080064e8        0x2 Src/stm32f1xx_it.o
                0x080064e8                DebugMon_Handler
 .text.PendSV_Handler
                0x080064ea        0x2 Src/stm32f1xx_it.o
                0x080064ea                PendSV_Handler
 .text.SysTick_Handler
                0x080064ec        0xc Src/stm32f1xx_it.o
                0x080064ec                SysTick_Handler
 .text.USB_HP_CAN1_TX_IRQHandler
                0x080064f8       0x10 Src/stm32f1xx_it.o
                0x080064f8                USB_HP_CAN1_TX_IRQHandler
 .text.USB_LP_CAN1_RX0_IRQHandler
                0x08006508       0x20 Src/stm32f1xx_it.o
                0x08006508                USB_LP_CAN1_RX0_IRQHandler
 .text.SystemInit
                0x08006528       0x4c Src/system_stm32f1xx.o
                0x08006528                SystemInit
 .text.MX_USART3_UART_Init
                0x08006574       0x3c Src/usart.o
                0x08006574                MX_USART3_UART_Init
 .text.HAL_UART_MspInit
                0x080065b0       0x5c Src/usart.o
                0x080065b0                HAL_UART_MspInit
 .text.USER_initialize
                0x0800660c        0x8 Src/user_diskio.o
                0x0800660c                USER_initialize
 .text.USER_status
                0x08006614        0x8 Src/user_diskio.o
                0x08006614                USER_status
 .text.USER_read
                0x0800661c        0x8 Src/user_diskio.o
                0x0800661c                USER_read
 .text.USER_write
                0x08006624        0x8 Src/user_diskio.o
                0x08006624                USER_write
 .text.USER_ioctl
                0x0800662c        0x8 Src/user_diskio.o
                0x0800662c                USER_ioctl
 .text.Reset_Handler
                0x08006634       0x48 startup/startup_stm32f103xb.o
                0x08006634                Reset_Handler
 .text.Default_Handler
                0x0800667c        0x2 startup/startup_stm32f103xb.o
                0x0800667c                RTC_Alarm_IRQHandler
                0x0800667c                EXTI2_IRQHandler
                0x0800667c                TIM1_CC_IRQHandler
                0x0800667c                PVD_IRQHandler
                0x0800667c                EXTI3_IRQHandler
                0x0800667c                EXTI0_IRQHandler
                0x0800667c                I2C2_EV_IRQHandler
                0x0800667c                ADC1_2_IRQHandler
                0x0800667c                SPI1_IRQHandler
                0x0800667c                TAMPER_IRQHandler
                0x0800667c                DMA1_Channel4_IRQHandler
                0x0800667c                USART3_IRQHandler
                0x0800667c                RTC_IRQHandler
                0x0800667c                DMA1_Channel7_IRQHandler
                0x0800667c                CAN1_RX1_IRQHandler
                0x0800667c                TIM4_IRQHandler
                0x0800667c                I2C1_EV_IRQHandler
                0x0800667c                DMA1_Channel6_IRQHandler
                0x0800667c                TIM3_IRQHandler
                0x0800667c                RCC_IRQHandler
                0x0800667c                TIM1_TRG_COM_IRQHandler
                0x0800667c                DMA1_Channel1_IRQHandler
                0x0800667c                Default_Handler
                0x0800667c                EXTI15_10_IRQHandler
                0x0800667c                EXTI9_5_IRQHandler
                0x0800667c                SPI2_IRQHandler
                0x0800667c                DMA1_Channel5_IRQHandler
                0x0800667c                EXTI4_IRQHandler
                0x0800667c                DMA1_Channel3_IRQHandler
                0x0800667c                TIM1_UP_IRQHandler
                0x0800667c                WWDG_IRQHandler
                0x0800667c                TIM2_IRQHandler
                0x0800667c                TIM1_BRK_IRQHandler
                0x0800667c                EXTI1_IRQHandler
                0x0800667c                USART2_IRQHandler
                0x0800667c                I2C2_ER_IRQHandler
                0x0800667c                DMA1_Channel2_IRQHandler
                0x0800667c                CAN1_SCE_IRQHandler
                0x0800667c                FLASH_IRQHandler
                0x0800667c                USART1_IRQHandler
                0x0800667c                I2C1_ER_IRQHandler
                0x0800667c                USBWakeUp_IRQHandler
 *fill*         0x0800667e        0x2 
 .text.__libc_init_array
                0x08006680       0x48 c:/ac6/systemworkbench/plugins/fr.ac6.mcu.externaltools.arm-none.win32_1.15.0.201708311556/tools/compiler/bin/../lib/gcc/arm-none-eabi/6.3.1/../../../../arm-none-eabi/lib/thumb/v7-m\libc_nano.a(lib_a-init.o)
                0x08006680                __libc_init_array
 .text.sprintf  0x080066c8       0x48 c:/ac6/systemworkbench/plugins/fr.ac6.mcu.externaltools.arm-none.win32_1.15.0.201708311556/tools/compiler/bin/../lib/gcc/arm-none-eabi/6.3.1/../../../../arm-none-eabi/lib/thumb/v7-m\libc_nano.a(lib_a-sprintf.o)
                0x080066c8                siprintf
                0x080066c8                sprintf
 .text.__ssputs_r
                0x08006710       0xb6 c:/ac6/systemworkbench/plugins/fr.ac6.mcu.externaltools.arm-none.win32_1.15.0.201708311556/tools/compiler/bin/../lib/gcc/arm-none-eabi/6.3.1/../../../../arm-none-eabi/lib/thumb/v7-m\libc_nano.a(lib_a-nano-svfprintf.o)
                0x08006710                __ssputs_r
 *fill*         0x080067c6        0x2 
 .text._svfprintf_r
                0x080067c8      0x1e8 c:/ac6/systemworkbench/plugins/fr.ac6.mcu.externaltools.arm-none.win32_1.15.0.201708311556/tools/compiler/bin/../lib/gcc/arm-none-eabi/6.3.1/../../../../arm-none-eabi/lib/thumb/v7-m\libc_nano.a(lib_a-nano-svfprintf.o)
                0x080067c8                _svfiprintf_r
                0x080067c8                _svfprintf_r
 .text._printf_common
                0x080069b0       0xee c:/ac6/systemworkbench/plugins/fr.ac6.mcu.externaltools.arm-none.win32_1.15.0.201708311556/tools/compiler/bin/../lib/gcc/arm-none-eabi/6.3.1/../../../../arm-none-eabi/lib/thumb/v7-m\libc_nano.a(lib_a-nano-vfprintf_i.o)
                0x080069b0                _printf_common
 *fill*         0x08006a9e        0x2 
 .text._printf_i
                0x08006aa0      0x240 c:/ac6/systemworkbench/plugins/fr.ac6.mcu.externaltools.arm-none.win32_1.15.0.201708311556/tools/compiler/bin/../lib/gcc/arm-none-eabi/6.3.1/../../../../arm-none-eabi/lib/thumb/v7-m\libc_nano.a(lib_a-nano-vfprintf_i.o)
                0x08006aa0                _printf_i
 .text.memchr   0x08006ce0       0x1c c:/ac6/systemworkbench/plugins/fr.ac6.mcu.externaltools.arm-none.win32_1.15.0.201708311556/tools/compiler/bin/../lib/gcc/arm-none-eabi/6.3.1/../../../../arm-none-eabi/lib/thumb/v7-m\libc_nano.a(lib_a-memchr-stub.o)
                0x08006ce0                memchr
 .text.memcpy   0x08006cfc       0x16 c:/ac6/systemworkbench/plugins/fr.ac6.mcu.externaltools.arm-none.win32_1.15.0.201708311556/tools/compiler/bin/../lib/gcc/arm-none-eabi/6.3.1/../../../../arm-none-eabi/lib/thumb/v7-m\libc_nano.a(lib_a-memcpy-stub.o)
                0x08006cfc                memcpy
 .text.memmove  0x08006d12       0x34 c:/ac6/systemworkbench/plugins/fr.ac6.mcu.externaltools.arm-none.win32_1.15.0.201708311556/tools/compiler/bin/../lib/gcc/arm-none-eabi/6.3.1/../../../../arm-none-eabi/lib/thumb/v7-m\libc_nano.a(lib_a-memmove.o)
                0x08006d12                memmove
 *fill*         0x08006d46        0x2 
 .text._free_r  0x08006d48       0x98 c:/ac6/systemworkbench/plugins/fr.ac6.mcu.externaltools.arm-none.win32_1.15.0.201708311556/tools/compiler/bin/../lib/gcc/arm-none-eabi/6.3.1/../../../../arm-none-eabi/lib/thumb/v7-m\libc_nano.a(lib_a-nano-freer.o)
                0x08006d48                _free_r
 .text._malloc_r
                0x08006de0       0xbc c:/ac6/systemworkbench/plugins/fr.ac6.mcu.externaltools.arm-none.win32_1.15.0.201708311556/tools/compiler/bin/../lib/gcc/arm-none-eabi/6.3.1/../../../../arm-none-eabi/lib/thumb/v7-m\libc_nano.a(lib_a-nano-mallocr.o)
                0x08006de0                _malloc_r
 .text._realloc_r
                0x08006e9c       0x4c c:/ac6/systemworkbench/plugins/fr.ac6.mcu.externaltools.arm-none.win32_1.15.0.201708311556/tools/compiler/bin/../lib/gcc/arm-none-eabi/6.3.1/../../../../arm-none-eabi/lib/thumb/v7-m\libc_nano.a(lib_a-nano-reallocr.o)
                0x08006e9c                _realloc_r
 .text._sbrk_r  0x08006ee8       0x20 c:/ac6/systemworkbench/plugins/fr.ac6.mcu.externaltools.arm-none.win32_1.15.0.201708311556/tools/compiler/bin/../lib/gcc/arm-none-eabi/6.3.1/../../../../arm-none-eabi/lib/thumb/v7-m\libc_nano.a(lib_a-sbrkr.o)
                0x08006ee8                _sbrk_r
 .text.__malloc_lock
                0x08006f08        0x2 c:/ac6/systemworkbench/plugins/fr.ac6.mcu.externaltools.arm-none.win32_1.15.0.201708311556/tools/compiler/bin/../lib/gcc/arm-none-eabi/6.3.1/../../../../arm-none-eabi/lib/thumb/v7-m\libc_nano.a(lib_a-mlock.o)
                0x08006f08                __malloc_lock
 .text.__malloc_unlock
                0x08006f0a        0x2 c:/ac6/systemworkbench/plugins/fr.ac6.mcu.externaltools.arm-none.win32_1.15.0.201708311556/tools/compiler/bin/../lib/gcc/arm-none-eabi/6.3.1/../../../../arm-none-eabi/lib/thumb/v7-m\libc_nano.a(lib_a-mlock.o)
                0x08006f0a                __malloc_unlock
 .text._malloc_usable_size_r
                0x08006f0c       0x12 c:/ac6/systemworkbench/plugins/fr.ac6.mcu.externaltools.arm-none.win32_1.15.0.201708311556/tools/compiler/bin/../lib/gcc/arm-none-eabi/6.3.1/../../../../arm-none-eabi/lib/thumb/v7-m\libc_nano.a(lib_a-nano-msizer.o)
                0x08006f0c                _malloc_usable_size_r
 *fill*         0x08006f1e        0x2 
 .text._sbrk    0x08006f20       0x1c c:/ac6/systemworkbench/plugins/fr.ac6.mcu.externaltools.arm-none.win32_1.15.0.201708311556/tools/compiler/bin/../lib/gcc/arm-none-eabi/6.3.1/../../../../arm-none-eabi/lib/thumb/v7-m\libnosys.a(sbrk.o)
                0x08006f20                _sbrk
 *(.glue_7)
 .glue_7        0x08006f3c        0x0 linker stubs
 *(.glue_7t)
 .glue_7t       0x08006f3c        0x0 linker stubs
 *(.eh_frame)
 .eh_frame      0x08006f3c        0x0 c:/ac6/systemworkbench/plugins/fr.ac6.mcu.externaltools.arm-none.win32_1.15.0.201708311556/tools/compiler/bin/../lib/gcc/arm-none-eabi/6.3.1/thumb/v7-m/crtbegin.o
 *(.init)
 .init          0x08006f3c        0x4 c:/ac6/systemworkbench/plugins/fr.ac6.mcu.externaltools.arm-none.win32_1.15.0.201708311556/tools/compiler/bin/../lib/gcc/arm-none-eabi/6.3.1/thumb/v7-m/crti.o
                0x08006f3c                _init
 .init          0x08006f40        0x8 c:/ac6/systemworkbench/plugins/fr.ac6.mcu.externaltools.arm-none.win32_1.15.0.201708311556/tools/compiler/bin/../lib/gcc/arm-none-eabi/6.3.1/thumb/v7-m/crtn.o
 *(.fini)
 .fini          0x08006f48        0x4 c:/ac6/systemworkbench/plugins/fr.ac6.mcu.externaltools.arm-none.win32_1.15.0.201708311556/tools/compiler/bin/../lib/gcc/arm-none-eabi/6.3.1/thumb/v7-m/crti.o
                0x08006f48                _fini
 .fini          0x08006f4c        0x8 c:/ac6/systemworkbench/plugins/fr.ac6.mcu.externaltools.arm-none.win32_1.15.0.201708311556/tools/compiler/bin/../lib/gcc/arm-none-eabi/6.3.1/thumb/v7-m/crtn.o
                0x08006f54                . = ALIGN (0x4)
                0x08006f54                _etext = .

.vfp11_veneer   0x08006f54        0x0
 .vfp11_veneer  0x08006f54        0x0 linker stubs

.v4_bx          0x08006f54        0x0
 .v4_bx         0x08006f54        0x0 linker stubs

.iplt           0x08006f54        0x0
 .iplt          0x08006f54        0x0 c:/ac6/systemworkbench/plugins/fr.ac6.mcu.externaltools.arm-none.win32_1.15.0.201708311556/tools/compiler/bin/../lib/gcc/arm-none-eabi/6.3.1/thumb/v7-m/crtbegin.o

.rodata         0x08006f54      0x6fc
                0x08006f54                . = ALIGN (0x4)
 *(.rodata)
 .rodata        0x08006f54       0x12 Drivers/STM32F1xx_HAL_Driver/Src/stm32f1xx_hal_rcc.o
 *fill*         0x08006f66        0x2 
 .rodata        0x08006f68       0xbe Middlewares/Third_Party/FatFs/src/ff.o
 *fill*         0x08007026        0x2 
 .rodata        0x08007028      0x4c0 Middlewares/Third_Party/FatFs/src/option/ccsbcs.o
 .rodata        0x080074e8       0x18 Src/system_stm32f1xx.o
                0x080074e8                AHBPrescTable
                0x080074f8                APBPrescTable
 *(.rodata*)
 .rodata.str1.4
                0x08007500       0x48 Middlewares/Third_Party/FatFs/src/ff.o
 .rodata.str1.4
                0x08007548        0xd Src/can.o
 *fill*         0x08007555        0x3 
 .rodata.str1.4
                0x08007558       0x84 Src/can_log.o
 .rodata.str1.4
                0x080075dc        0xd Src/i2c.o
 *fill*         0x080075e9        0x3 
 .rodata.str1.4
                0x080075ec        0xe Src/main.o
 *fill*         0x080075fa        0x2 
 .rodata.str1.4
                0x080075fc        0xd Src/spi.o
 *fill*         0x08007609        0x3 
 .rodata.str1.4
                0x0800760c       0x10 Src/usart.o
                                  0xf (size before relaxing)
 .rodata._svfprintf_r.str1.1
                0x0800761c       0x11 c:/ac6/systemworkbench/plugins/fr.ac6.mcu.externaltools.arm-none.win32_1.15.0.201708311556/tools/compiler/bin/../lib/gcc/arm-none-eabi/6.3.1/../../../../arm-none-eabi/lib/thumb/v7-m\libc_nano.a(lib_a-nano-svfprintf.o)
 .rodata._printf_i.str1.1
                0x0800762d       0x22 c:/ac6/systemworkbench/plugins/fr.ac6.mcu.externaltools.arm-none.win32_1.15.0.201708311556/tools/compiler/bin/../lib/gcc/arm-none-eabi/6.3.1/../../../../arm-none-eabi/lib/thumb/v7-m\libc_nano.a(lib_a-nano-vfprintf_i.o)
                0x08007650                . = ALIGN (0x4)
 *fill*         0x0800764f        0x1 

.rel.dyn        0x08007650        0x0
 .rel.iplt      0x08007650        0x0 c:/ac6/systemworkbench/plugins/fr.ac6.mcu.externaltools.arm-none.win32_1.15.0.201708311556/tools/compiler/bin/../lib/gcc/arm-none-eabi/6.3.1/thumb/v7-m/crtbegin.o

.ARM.extab
 *(.ARM.extab* .gnu.linkonce.armextab.*)

.ARM            0x08007650        0x0
                0x08007650                __exidx_start = .
 *(.ARM.exidx*)
                0x08007650                __exidx_end = .

.preinit_array  0x08007650        0x0
                0x08007650                PROVIDE (__preinit_array_start, .)
 *(.preinit_array*)
                0x08007650                PROVIDE (__preinit_array_end, .)

.init_array     0x08007650        0x4
                0x08007650                PROVIDE (__init_array_start, .)
 *(SORT(.init_array.*))
 *(.init_array*)
 .init_array    0x08007650        0x4 c:/ac6/systemworkbench/plugins/fr.ac6.mcu.externaltools.arm-none.win32_1.15.0.201708311556/tools/compiler/bin/../lib/gcc/arm-none-eabi/6.3.1/thumb/v7-m/crtbegin.o
                0x08007654                PROVIDE (__init_array_end, .)

.fini_array     0x08007654        0x4
                [!provide]                PROVIDE (__fini_array_start, .)
 *(SORT(.fini_array.*))
 *(.fini_array*)
 .fini_array    0x08007654        0x4 c:/ac6/systemworkbench/plugins/fr.ac6.mcu.externaltools.arm-none.win32_1.15.0.201708311556/tools/compiler/bin/../lib/gcc/arm-none-eabi/6.3.1/thumb/v7-m/crtbegin.o
                [!provide]                PROVIDE (__fini_array_end, .)
                0x08007658                _sidata = LOADADDR (.data)

.data           0x20000000       0x8c load address 0x08007658
                0x20000000                . = ALIGN (0x4)
                0x20000000                _sdata = .
 *(.data)
 .data          0x20000000        0x8 Drivers/STM32F1xx_HAL_Driver/Src/stm32f1xx_hal.o
                0x20000000                uwTickFreq
                0x20000004                uwTickPrio
 .data          0x20000008        0x1 Src/fatfs_sd.o
 *fill*         0x20000009        0x3 
 .data          0x2000000c        0x4 Src/system_stm32f1xx.o
                0x2000000c                SystemCoreClock
 .data          0x20000010       0x15 Src/user_diskio.o
                0x20000010                USER_Driver
 *(.data*)
 *fill*         0x20000025        0x3 
 .data._impure_ptr
                0x20000028        0x4 c:/ac6/systemworkbench/plugins/fr.ac6.mcu.externaltools.arm-none.win32_1.15.0.201708311556/tools/compiler/bin/../lib/gcc/arm-none-eabi/6.3.1/../../../../arm-none-eabi/lib/thumb/v7-m\libc_nano.a(lib_a-impure.o)
                0x20000028                _impure_ptr
 .data.impure_data
                0x2000002c       0x60 c:/ac6/systemworkbench/plugins/fr.ac6.mcu.externaltools.arm-none.win32_1.15.0.201708311556/tools/compiler/bin/../lib/gcc/arm-none-eabi/6.3.1/../../../../arm-none-eabi/lib/thumb/v7-m\libc_nano.a(lib_a-impure.o)
                0x2000008c                . = ALIGN (0x4)
                0x2000008c                _edata = .

.jcr            0x2000008c        0x0 load address 0x080076e4
 .jcr           0x2000008c        0x0 c:/ac6/systemworkbench/plugins/fr.ac6.mcu.externaltools.arm-none.win32_1.15.0.201708311556/tools/compiler/bin/../lib/gcc/arm-none-eabi/6.3.1/thumb/v7-m/crtbegin.o

.igot.plt       0x2000008c        0x0 load address 0x080076e4
 .igot.plt      0x2000008c        0x0 c:/ac6/systemworkbench/plugins/fr.ac6.mcu.externaltools.arm-none.win32_1.15.0.201708311556/tools/compiler/bin/../lib/gcc/arm-none-eabi/6.3.1/thumb/v7-m/crtbegin.o
                0x2000008c                . = ALIGN (0x4)

.bss            0x2000008c     0x4764 load address 0x080076e4
                0x2000008c                _sbss = .
                0x2000008c                __bss_start__ = _sbss
 *(.bss)
 .bss           0x2000008c       0x1c c:/ac6/systemworkbench/plugins/fr.ac6.mcu.externaltools.arm-none.win32_1.15.0.201708311556/tools/compiler/bin/../lib/gcc/arm-none-eabi/6.3.1/thumb/v7-m/crtbegin.o
 .bss           0x200000a8      0x220 Middlewares/Third_Party/FatFs/src/ff.o
 .bss           0x200002c8        0xc Middlewares/Third_Party/FatFs/src/ff_gen_drv.o
                0x200002c8                disk
 .bss           0x200002d4       0x40 Src/can.o
 .bss           0x20000314     0x1064 Src/can_log.o
                0x20001344                ECU_Timer
                0x20001346                Speed_RR
                0x20001348                Speed_LR
                0x2000134a                Current_RM
                0x2000134c                Current_LM
                0x2000134e                Torque_ref_R
                0x20001350                Torque_RM
                0x20001352                Torque_LM
                0x20001354                IRcan0
                0x20001356                IRcan1
                0x20001358                IRcan2
                0x2000135a                IRcan3
                0x2000135c                IRcan4
                0x2000135e                IRcan5
                0x20001360                IRcan6
                0x20001362                IRcan7
                0x20001364                IRcan8
                0x20001366                IRcan9
                0x20001368                IRcan10
                0x2000136a                IRcan11
                0x2000136c                IRcan12
                0x2000136e                IRcan13
                0x20001370                IRcan14
                0x20001372                IRcan15
                0x20001374                Current_BAT
                0x20001376                Volt_BAT
 .bss           0x20001378        0x2 Src/fatfs_sd.o
 *(.bss*)
 *fill*         0x2000137a        0x2 
 .bss.__malloc_free_list
                0x2000137c        0x4 c:/ac6/systemworkbench/plugins/fr.ac6.mcu.externaltools.arm-none.win32_1.15.0.201708311556/tools/compiler/bin/../lib/gcc/arm-none-eabi/6.3.1/../../../../arm-none-eabi/lib/thumb/v7-m\libc_nano.a(lib_a-nano-mallocr.o)
                0x2000137c                __malloc_free_list
 .bss.__malloc_sbrk_start
                0x20001380        0x4 c:/ac6/systemworkbench/plugins/fr.ac6.mcu.externaltools.arm-none.win32_1.15.0.201708311556/tools/compiler/bin/../lib/gcc/arm-none-eabi/6.3.1/../../../../arm-none-eabi/lib/thumb/v7-m\libc_nano.a(lib_a-nano-mallocr.o)
                0x20001380                __malloc_sbrk_start
 .bss.heap_end.4116
                0x20001384        0x4 c:/ac6/systemworkbench/plugins/fr.ac6.mcu.externaltools.arm-none.win32_1.15.0.201708311556/tools/compiler/bin/../lib/gcc/arm-none-eabi/6.3.1/../../../../arm-none-eabi/lib/thumb/v7-m\libnosys.a(sbrk.o)
 *(COMMON)
 COMMON         0x20001388        0x4 Drivers/STM32F1xx_HAL_Driver/Src/stm32f1xx_hal.o
                0x20001388                uwTick
 COMMON         0x2000138c       0x44 Src/can.o
                0x2000138c                hcan
 COMMON         0x200013d0     0x107b Src/can_log.o
                0x200013d0                tempInt
                0x200013d4                ext2
                0x200013d8                aux
                0x200013dc                IRCan
                0x200013fc                TensaoGLV
                0x20001400                file
                0x2000242c                leitura_BetinaInt
                0x20002430                ext1
                0x20002434                bufferFile
                0x20002448                leitura_PotInt
                0x2000244a                statusSd
 *fill*         0x2000244b        0x1 
 COMMON         0x2000244c     0x2064 Src/fatfs.o
                0x2000244c                USERPath
                0x20002450                retUSER
                0x20002454                USERFile
                0x20003480                USERFatFS
 COMMON         0x200044b0       0x54 Src/i2c.o
                0x200044b0                hi2c1
 COMMON         0x20004504       0x58 Src/main.o
                0x20004504                hspi2
 COMMON         0x2000455c      0x24c Src/master_da_prototipo.o
                0x2000455c                accel_data_struct
                0x20004578                estado
                0x2000457a                temp
                0x2000457c                gyro_data_struct
                0x20004598                i
                0x2000459c                Buffer
                0x2000479c                fresult
                0x200047a0                bytes_written
                0x200047a4                len
 COMMON         0x200047a8        0x2 Src/stm32f1xx_it.o
                0x200047a8                Timer2
                0x200047a9                Timer1
 *fill*         0x200047aa        0x2 
 COMMON         0x200047ac       0x40 Src/usart.o
                0x200047ac                huart3
 COMMON         0x200047ec        0x4 c:/ac6/systemworkbench/plugins/fr.ac6.mcu.externaltools.arm-none.win32_1.15.0.201708311556/tools/compiler/bin/../lib/gcc/arm-none-eabi/6.3.1/../../../../arm-none-eabi/lib/thumb/v7-m\libc_nano.a(lib_a-reent.o)
                0x200047ec                errno
                0x200047f0                . = ALIGN (0x4)
                0x200047f0                _ebss = .
                0x200047f0                __bss_end__ = _ebss

._user_heap_stack
                0x200047f0      0x600 load address 0x080076e4
                0x200047f0                . = ALIGN (0x8)
                0x200047f0                PROVIDE (end, .)
                [!provide]                PROVIDE (_end, .)
                0x200049f0                . = (. + _Min_Heap_Size)
 *fill*         0x200047f0      0x200 
                0x20004df0                . = (. + _Min_Stack_Size)
 *fill*         0x200049f0      0x400 
                0x20004df0                . = ALIGN (0x8)

/DISCARD/
 libc.a(*)
 libm.a(*)
 libgcc.a(*)

.ARM.attributes
                0x00000000       0x29
 *(.ARM.attributes)
 .ARM.attributes
                0x00000000       0x1d c:/ac6/systemworkbench/plugins/fr.ac6.mcu.externaltools.arm-none.win32_1.15.0.201708311556/tools/compiler/bin/../lib/gcc/arm-none-eabi/6.3.1/thumb/v7-m/crti.o
 .ARM.attributes
                0x0000001d       0x2d c:/ac6/systemworkbench/plugins/fr.ac6.mcu.externaltools.arm-none.win32_1.15.0.201708311556/tools/compiler/bin/../lib/gcc/arm-none-eabi/6.3.1/thumb/v7-m/crtbegin.o
 .ARM.attributes
                0x0000004a       0x33 Drivers/STM32F1xx_HAL_Driver/Src/stm32f1xx_hal.o
 .ARM.attributes
                0x0000007d       0x33 Drivers/STM32F1xx_HAL_Driver/Src/stm32f1xx_hal_can.o
 .ARM.attributes
                0x000000b0       0x33 Drivers/STM32F1xx_HAL_Driver/Src/stm32f1xx_hal_cortex.o
 .ARM.attributes
                0x000000e3       0x33 Drivers/STM32F1xx_HAL_Driver/Src/stm32f1xx_hal_gpio.o
 .ARM.attributes
                0x00000116       0x33 Drivers/STM32F1xx_HAL_Driver/Src/stm32f1xx_hal_i2c.o
 .ARM.attributes
                0x00000149       0x33 Drivers/STM32F1xx_HAL_Driver/Src/stm32f1xx_hal_rcc.o
 .ARM.attributes
                0x0000017c       0x33 Drivers/STM32F1xx_HAL_Driver/Src/stm32f1xx_hal_spi.o
 .ARM.attributes
                0x000001af       0x33 Drivers/STM32F1xx_HAL_Driver/Src/stm32f1xx_hal_spi_ex.o
 .ARM.attributes
                0x000001e2       0x33 Drivers/STM32F1xx_HAL_Driver/Src/stm32f1xx_hal_uart.o
 .ARM.attributes
                0x00000215       0x33 Middlewares/Third_Party/FatFs/src/diskio.o
 .ARM.attributes
                0x00000248       0x33 Middlewares/Third_Party/FatFs/src/ff.o
 .ARM.attributes
                0x0000027b       0x33 Middlewares/Third_Party/FatFs/src/ff_gen_drv.o
 .ARM.attributes
                0x000002ae       0x33 Middlewares/Third_Party/FatFs/src/option/ccsbcs.o
 .ARM.attributes
                0x000002e1       0x33 Src/can.o
 .ARM.attributes
                0x00000314       0x33 Src/can_log.o
 .ARM.attributes
                0x00000347       0x33 Src/fatfs.o
 .ARM.attributes
                0x0000037a       0x33 Src/fatfs_sd.o
 .ARM.attributes
                0x000003ad       0x33 Src/gpio.o
 .ARM.attributes
                0x000003e0       0x33 Src/i2c.o
 .ARM.attributes
                0x00000413       0x33 Src/main.o
 .ARM.attributes
                0x00000446       0x33 Src/master_da_prototipo.o
 .ARM.attributes
                0x00000479       0x33 Src/sd_hal_mpu6050.o
 .ARM.attributes
                0x000004ac       0x33 Src/spi.o
 .ARM.attributes
                0x000004df       0x33 Src/stm32f1xx_hal_msp.o
 .ARM.attributes
                0x00000512       0x33 Src/stm32f1xx_it.o
 .ARM.attributes
                0x00000545       0x33 Src/system_stm32f1xx.o
 .ARM.attributes
                0x00000578       0x33 Src/usart.o
 .ARM.attributes
                0x000005ab       0x33 Src/user_diskio.o
 .ARM.attributes
                0x000005de       0x21 startup/startup_stm32f103xb.o
 .ARM.attributes
                0x000005ff       0x1d c:/ac6/systemworkbench/plugins/fr.ac6.mcu.externaltools.arm-none.win32_1.15.0.201708311556/tools/compiler/bin/../lib/gcc/arm-none-eabi/6.3.1/thumb/v7-m\libgcc.a(_arm_addsubdf3.o)
 .ARM.attributes
                0x0000061c       0x1d c:/ac6/systemworkbench/plugins/fr.ac6.mcu.externaltools.arm-none.win32_1.15.0.201708311556/tools/compiler/bin/../lib/gcc/arm-none-eabi/6.3.1/thumb/v7-m\libgcc.a(_arm_muldivdf3.o)
 .ARM.attributes
                0x00000639       0x1d c:/ac6/systemworkbench/plugins/fr.ac6.mcu.externaltools.arm-none.win32_1.15.0.201708311556/tools/compiler/bin/../lib/gcc/arm-none-eabi/6.3.1/thumb/v7-m\libgcc.a(_arm_fixdfsi.o)
 .ARM.attributes
                0x00000656       0x2d c:/ac6/systemworkbench/plugins/fr.ac6.mcu.externaltools.arm-none.win32_1.15.0.201708311556/tools/compiler/bin/../lib/gcc/arm-none-eabi/6.3.1/../../../../arm-none-eabi/lib/thumb/v7-m\libc_nano.a(lib_a-impure.o)
 .ARM.attributes
                0x00000683       0x2d c:/ac6/systemworkbench/plugins/fr.ac6.mcu.externaltools.arm-none.win32_1.15.0.201708311556/tools/compiler/bin/../lib/gcc/arm-none-eabi/6.3.1/../../../../arm-none-eabi/lib/thumb/v7-m\libc_nano.a(lib_a-init.o)
 .ARM.attributes
                0x000006b0       0x2d c:/ac6/systemworkbench/plugins/fr.ac6.mcu.externaltools.arm-none.win32_1.15.0.201708311556/tools/compiler/bin/../lib/gcc/arm-none-eabi/6.3.1/../../../../arm-none-eabi/lib/thumb/v7-m\libc_nano.a(lib_a-sprintf.o)
 .ARM.attributes
                0x000006dd       0x2d c:/ac6/systemworkbench/plugins/fr.ac6.mcu.externaltools.arm-none.win32_1.15.0.201708311556/tools/compiler/bin/../lib/gcc/arm-none-eabi/6.3.1/../../../../arm-none-eabi/lib/thumb/v7-m\libc_nano.a(lib_a-nano-svfprintf.o)
 .ARM.attributes
                0x0000070a       0x2d c:/ac6/systemworkbench/plugins/fr.ac6.mcu.externaltools.arm-none.win32_1.15.0.201708311556/tools/compiler/bin/../lib/gcc/arm-none-eabi/6.3.1/../../../../arm-none-eabi/lib/thumb/v7-m\libc_nano.a(lib_a-nano-vfprintf_i.o)
 .ARM.attributes
                0x00000737       0x2d c:/ac6/systemworkbench/plugins/fr.ac6.mcu.externaltools.arm-none.win32_1.15.0.201708311556/tools/compiler/bin/../lib/gcc/arm-none-eabi/6.3.1/../../../../arm-none-eabi/lib/thumb/v7-m\libc_nano.a(lib_a-memchr-stub.o)
 .ARM.attributes
                0x00000764       0x2d c:/ac6/systemworkbench/plugins/fr.ac6.mcu.externaltools.arm-none.win32_1.15.0.201708311556/tools/compiler/bin/../lib/gcc/arm-none-eabi/6.3.1/../../../../arm-none-eabi/lib/thumb/v7-m\libc_nano.a(lib_a-memcpy-stub.o)
 .ARM.attributes
                0x00000791       0x2d c:/ac6/systemworkbench/plugins/fr.ac6.mcu.externaltools.arm-none.win32_1.15.0.201708311556/tools/compiler/bin/../lib/gcc/arm-none-eabi/6.3.1/../../../../arm-none-eabi/lib/thumb/v7-m\libc_nano.a(lib_a-memmove.o)
 .ARM.attributes
                0x000007be       0x2d c:/ac6/systemworkbench/plugins/fr.ac6.mcu.externaltools.arm-none.win32_1.15.0.201708311556/tools/compiler/bin/../lib/gcc/arm-none-eabi/6.3.1/../../../../arm-none-eabi/lib/thumb/v7-m\libc_nano.a(lib_a-nano-freer.o)
 .ARM.attributes
                0x000007eb       0x2d c:/ac6/systemworkbench/plugins/fr.ac6.mcu.externaltools.arm-none.win32_1.15.0.201708311556/tools/compiler/bin/../lib/gcc/arm-none-eabi/6.3.1/../../../../arm-none-eabi/lib/thumb/v7-m\libc_nano.a(lib_a-nano-mallocr.o)
 .ARM.attributes
                0x00000818       0x2d c:/ac6/systemworkbench/plugins/fr.ac6.mcu.externaltools.arm-none.win32_1.15.0.201708311556/tools/compiler/bin/../lib/gcc/arm-none-eabi/6.3.1/../../../../arm-none-eabi/lib/thumb/v7-m\libc_nano.a(lib_a-nano-reallocr.o)
 .ARM.attributes
                0x00000845       0x2d c:/ac6/systemworkbench/plugins/fr.ac6.mcu.externaltools.arm-none.win32_1.15.0.201708311556/tools/compiler/bin/../lib/gcc/arm-none-eabi/6.3.1/../../../../arm-none-eabi/lib/thumb/v7-m\libc_nano.a(lib_a-sbrkr.o)
 .ARM.attributes
                0x00000872       0x2d c:/ac6/systemworkbench/plugins/fr.ac6.mcu.externaltools.arm-none.win32_1.15.0.201708311556/tools/compiler/bin/../lib/gcc/arm-none-eabi/6.3.1/../../../../arm-none-eabi/lib/thumb/v7-m\libc_nano.a(lib_a-mlock.o)
 .ARM.attributes
                0x0000089f       0x2d c:/ac6/systemworkbench/plugins/fr.ac6.mcu.externaltools.arm-none.win32_1.15.0.201708311556/tools/compiler/bin/../lib/gcc/arm-none-eabi/6.3.1/../../../../arm-none-eabi/lib/thumb/v7-m\libc_nano.a(lib_a-nano-msizer.o)
 .ARM.attributes
                0x000008cc       0x2d c:/ac6/systemworkbench/plugins/fr.ac6.mcu.externaltools.arm-none.win32_1.15.0.201708311556/tools/compiler/bin/../lib/gcc/arm-none-eabi/6.3.1/../../../../arm-none-eabi/lib/thumb/v7-m\libc_nano.a(lib_a-reent.o)
 .ARM.attributes
                0x000008f9       0x2d c:/ac6/systemworkbench/plugins/fr.ac6.mcu.externaltools.arm-none.win32_1.15.0.201708311556/tools/compiler/bin/../lib/gcc/arm-none-eabi/6.3.1/../../../../arm-none-eabi/lib/thumb/v7-m\libnosys.a(sbrk.o)
 .ARM.attributes
                0x00000926       0x1d c:/ac6/systemworkbench/plugins/fr.ac6.mcu.externaltools.arm-none.win32_1.15.0.201708311556/tools/compiler/bin/../lib/gcc/arm-none-eabi/6.3.1/thumb/v7-m/crtn.o
OUTPUT(DAQ_MASTER1.1.elf elf32-littlearm)

.debug_info     0x00000000    0x270b9
 .debug_info    0x00000000      0xfaa Drivers/STM32F1xx_HAL_Driver/Src/stm32f1xx_hal.o
 .debug_info    0x00000faa     0x149c Drivers/STM32F1xx_HAL_Driver/Src/stm32f1xx_hal_can.o
 .debug_info    0x00002446     0x147b Drivers/STM32F1xx_HAL_Driver/Src/stm32f1xx_hal_cortex.o
 .debug_info    0x000038c1      0xe8b Drivers/STM32F1xx_HAL_Driver/Src/stm32f1xx_hal_gpio.o
 .debug_info    0x0000474c     0x37a2 Drivers/STM32F1xx_HAL_Driver/Src/stm32f1xx_hal_i2c.o
 .debug_info    0x00007eee     0x11f3 Drivers/STM32F1xx_HAL_Driver/Src/stm32f1xx_hal_rcc.o
 .debug_info    0x000090e1     0x2150 Drivers/STM32F1xx_HAL_Driver/Src/stm32f1xx_hal_spi.o
 .debug_info    0x0000b231      0xe28 Drivers/STM32F1xx_HAL_Driver/Src/stm32f1xx_hal_spi_ex.o
 .debug_info    0x0000c059     0x1e7e Drivers/STM32F1xx_HAL_Driver/Src/stm32f1xx_hal_uart.o
 .debug_info    0x0000ded7      0xce1 Middlewares/Third_Party/FatFs/src/diskio.o
 .debug_info    0x0000ebb8     0x4389 Middlewares/Third_Party/FatFs/src/ff.o
 .debug_info    0x00012f41      0xc60 Middlewares/Third_Party/FatFs/src/ff_gen_drv.o
 .debug_info    0x00013ba1      0xa39 Middlewares/Third_Party/FatFs/src/option/ccsbcs.o
 .debug_info    0x000145da     0x163d Src/can.o
 .debug_info    0x00015c17     0x2067 Src/can_log.o
 .debug_info    0x00017c7e      0xd8f Src/fatfs.o
 .debug_info    0x00018a0d     0x19a7 Src/fatfs_sd.o
 .debug_info    0x0001a3b4      0xbdd Src/gpio.o
 .debug_info    0x0001af91     0x1090 Src/i2c.o
 .debug_info    0x0001c021     0x222e Src/main.o
 .debug_info    0x0001e24f     0x1cba Src/master_da_prototipo.o
 .debug_info    0x0001ff09     0x1b3b Src/sd_hal_mpu6050.o
 .debug_info    0x00021a44     0x1074 Src/spi.o
 .debug_info    0x00022ab8      0xcf2 Src/stm32f1xx_hal_msp.o
 .debug_info    0x000237aa      0xfdf Src/stm32f1xx_it.o
 .debug_info    0x00024789      0xc1b Src/system_stm32f1xx.o
 .debug_info    0x000253a4     0x1016 Src/usart.o
 .debug_info    0x000263ba      0xc86 Src/user_diskio.o
 .debug_info    0x00027040       0x79 startup/startup_stm32f103xb.o

.debug_abbrev   0x00000000     0x4b56
 .debug_abbrev  0x00000000      0x2f2 Drivers/STM32F1xx_HAL_Driver/Src/stm32f1xx_hal.o
 .debug_abbrev  0x000002f2      0x2dc Drivers/STM32F1xx_HAL_Driver/Src/stm32f1xx_hal_can.o
 .debug_abbrev  0x000005ce      0x3cb Drivers/STM32F1xx_HAL_Driver/Src/stm32f1xx_hal_cortex.o
 .debug_abbrev  0x00000999      0x2a5 Drivers/STM32F1xx_HAL_Driver/Src/stm32f1xx_hal_gpio.o
 .debug_abbrev  0x00000c3e      0x306 Drivers/STM32F1xx_HAL_Driver/Src/stm32f1xx_hal_i2c.o
 .debug_abbrev  0x00000f44      0x333 Drivers/STM32F1xx_HAL_Driver/Src/stm32f1xx_hal_rcc.o
 .debug_abbrev  0x00001277      0x2df Drivers/STM32F1xx_HAL_Driver/Src/stm32f1xx_hal_spi.o
 .debug_abbrev  0x00001556      0x207 Drivers/STM32F1xx_HAL_Driver/Src/stm32f1xx_hal_spi_ex.o
 .debug_abbrev  0x0000175d      0x306 Drivers/STM32F1xx_HAL_Driver/Src/stm32f1xx_hal_uart.o
 .debug_abbrev  0x00001a63      0x280 Middlewares/Third_Party/FatFs/src/diskio.o
 .debug_abbrev  0x00001ce3      0x33a Middlewares/Third_Party/FatFs/src/ff.o
 .debug_abbrev  0x0000201d      0x274 Middlewares/Third_Party/FatFs/src/ff_gen_drv.o
 .debug_abbrev  0x00002291      0x21a Middlewares/Third_Party/FatFs/src/option/ccsbcs.o
 .debug_abbrev  0x000024ab      0x2fa Src/can.o
 .debug_abbrev  0x000027a5      0x30d Src/can_log.o
 .debug_abbrev  0x00002ab2      0x266 Src/fatfs.o
 .debug_abbrev  0x00002d18      0x33d Src/fatfs_sd.o
 .debug_abbrev  0x00003055      0x229 Src/gpio.o
 .debug_abbrev  0x0000327e      0x256 Src/i2c.o
 .debug_abbrev  0x000034d4      0x331 Src/main.o
 .debug_abbrev  0x00003805      0x29d Src/master_da_prototipo.o
 .debug_abbrev  0x00003aa2      0x2e3 Src/sd_hal_mpu6050.o
 .debug_abbrev  0x00003d85      0x256 Src/spi.o
 .debug_abbrev  0x00003fdb      0x232 Src/stm32f1xx_hal_msp.o
 .debug_abbrev  0x0000420d      0x27d Src/stm32f1xx_it.o
 .debug_abbrev  0x0000448a      0x226 Src/system_stm32f1xx.o
 .debug_abbrev  0x000046b0      0x256 Src/usart.o
 .debug_abbrev  0x00004906      0x23e Src/user_diskio.o
 .debug_abbrev  0x00004b44       0x12 startup/startup_stm32f103xb.o

.debug_loc      0x00000000     0xe790
 .debug_loc     0x00000000      0x108 Drivers/STM32F1xx_HAL_Driver/Src/stm32f1xx_hal.o
 .debug_loc     0x00000108      0xd22 Drivers/STM32F1xx_HAL_Driver/Src/stm32f1xx_hal_can.o
 .debug_loc     0x00000e2a      0x5ad Drivers/STM32F1xx_HAL_Driver/Src/stm32f1xx_hal_cortex.o
 .debug_loc     0x000013d7      0x42d Drivers/STM32F1xx_HAL_Driver/Src/stm32f1xx_hal_gpio.o
 .debug_loc     0x00001804     0x326d Drivers/STM32F1xx_HAL_Driver/Src/stm32f1xx_hal_i2c.o
 .debug_loc     0x00004a71      0x4d1 Drivers/STM32F1xx_HAL_Driver/Src/stm32f1xx_hal_rcc.o
 .debug_loc     0x00004f42     0x19a5 Drivers/STM32F1xx_HAL_Driver/Src/stm32f1xx_hal_spi.o
 .debug_loc     0x000068e7       0x4d Drivers/STM32F1xx_HAL_Driver/Src/stm32f1xx_hal_spi_ex.o
 .debug_loc     0x00006934     0x1515 Drivers/STM32F1xx_HAL_Driver/Src/stm32f1xx_hal_uart.o
 .debug_loc     0x00007e49      0x1fc Middlewares/Third_Party/FatFs/src/diskio.o
 .debug_loc     0x00008045     0x4e89 Middlewares/Third_Party/FatFs/src/ff.o
 .debug_loc     0x0000cece      0x21c Middlewares/Third_Party/FatFs/src/ff_gen_drv.o
 .debug_loc     0x0000d0ea       0xc7 Middlewares/Third_Party/FatFs/src/option/ccsbcs.o
 .debug_loc     0x0000d1b1      0x13e Src/can.o
 .debug_loc     0x0000d2ef      0x112 Src/can_log.o
 .debug_loc     0x0000d401      0x8ff Src/fatfs_sd.o
 .debug_loc     0x0000dd00       0x5b Src/i2c.o
 .debug_loc     0x0000dd5b       0x7a Src/main.o
 .debug_loc     0x0000ddd5      0x679 Src/sd_hal_mpu6050.o
 .debug_loc     0x0000e44e       0x5b Src/spi.o
 .debug_loc     0x0000e4a9       0xdf Src/system_stm32f1xx.o
 .debug_loc     0x0000e588       0x5b Src/usart.o
 .debug_loc     0x0000e5e3      0x1ad Src/user_diskio.o

.debug_aranges  0x00000000     0x1000
 .debug_aranges
                0x00000000       0xd0 Drivers/STM32F1xx_HAL_Driver/Src/stm32f1xx_hal.o
 .debug_aranges
                0x000000d0       0xb0 Drivers/STM32F1xx_HAL_Driver/Src/stm32f1xx_hal_can.o
 .debug_aranges
                0x00000180       0x90 Drivers/STM32F1xx_HAL_Driver/Src/stm32f1xx_hal_cortex.o
 .debug_aranges
                0x00000210       0x58 Drivers/STM32F1xx_HAL_Driver/Src/stm32f1xx_hal_gpio.o
 .debug_aranges
                0x00000268      0x268 Drivers/STM32F1xx_HAL_Driver/Src/stm32f1xx_hal_i2c.o
 .debug_aranges
                0x000004d0       0x90 Drivers/STM32F1xx_HAL_Driver/Src/stm32f1xx_hal_rcc.o
 .debug_aranges
                0x00000560      0x1d0 Drivers/STM32F1xx_HAL_Driver/Src/stm32f1xx_hal_spi.o
 .debug_aranges
                0x00000730       0x20 Drivers/STM32F1xx_HAL_Driver/Src/stm32f1xx_hal_spi_ex.o
 .debug_aranges
                0x00000750      0x1d0 Drivers/STM32F1xx_HAL_Driver/Src/stm32f1xx_hal_uart.o
 .debug_aranges
                0x00000920       0x48 Middlewares/Third_Party/FatFs/src/diskio.o
 .debug_aranges
                0x00000968      0x210 Middlewares/Third_Party/FatFs/src/ff.o
 .debug_aranges
                0x00000b78       0x40 Middlewares/Third_Party/FatFs/src/ff_gen_drv.o
 .debug_aranges
                0x00000bb8       0x28 Middlewares/Third_Party/FatFs/src/option/ccsbcs.o
 .debug_aranges
                0x00000be0       0x60 Src/can.o
 .debug_aranges
                0x00000c40       0x30 Src/can_log.o
 .debug_aranges
                0x00000c70       0x28 Src/fatfs.o
 .debug_aranges
                0x00000c98       0xa0 Src/fatfs_sd.o
 .debug_aranges
                0x00000d38       0x20 Src/gpio.o
 .debug_aranges
                0x00000d58       0x30 Src/i2c.o
 .debug_aranges
                0x00000d88       0x40 Src/main.o
 .debug_aranges
                0x00000dc8       0x38 Src/master_da_prototipo.o
 .debug_aranges
                0x00000e00       0x78 Src/sd_hal_mpu6050.o
 .debug_aranges
                0x00000e78       0x30 Src/spi.o
 .debug_aranges
                0x00000ea8       0x20 Src/stm32f1xx_hal_msp.o
 .debug_aranges
                0x00000ec8       0x78 Src/stm32f1xx_it.o
 .debug_aranges
                0x00000f40       0x28 Src/system_stm32f1xx.o
 .debug_aranges
                0x00000f68       0x30 Src/usart.o
 .debug_aranges
                0x00000f98       0x40 Src/user_diskio.o
 .debug_aranges
                0x00000fd8       0x28 startup/startup_stm32f103xb.o

.debug_ranges   0x00000000      0xeb8
 .debug_ranges  0x00000000       0xc0 Drivers/STM32F1xx_HAL_Driver/Src/stm32f1xx_hal.o
 .debug_ranges  0x000000c0       0xa0 Drivers/STM32F1xx_HAL_Driver/Src/stm32f1xx_hal_can.o
 .debug_ranges  0x00000160       0xe0 Drivers/STM32F1xx_HAL_Driver/Src/stm32f1xx_hal_cortex.o
 .debug_ranges  0x00000240       0x48 Drivers/STM32F1xx_HAL_Driver/Src/stm32f1xx_hal_gpio.o
 .debug_ranges  0x00000288      0x258 Drivers/STM32F1xx_HAL_Driver/Src/stm32f1xx_hal_i2c.o
 .debug_ranges  0x000004e0       0xa0 Drivers/STM32F1xx_HAL_Driver/Src/stm32f1xx_hal_rcc.o
 .debug_ranges  0x00000580      0x1c0 Drivers/STM32F1xx_HAL_Driver/Src/stm32f1xx_hal_spi.o
 .debug_ranges  0x00000740       0x10 Drivers/STM32F1xx_HAL_Driver/Src/stm32f1xx_hal_spi_ex.o
 .debug_ranges  0x00000750      0x1c0 Drivers/STM32F1xx_HAL_Driver/Src/stm32f1xx_hal_uart.o
 .debug_ranges  0x00000910       0x38 Middlewares/Third_Party/FatFs/src/diskio.o
 .debug_ranges  0x00000948      0x200 Middlewares/Third_Party/FatFs/src/ff.o
 .debug_ranges  0x00000b48       0x30 Middlewares/Third_Party/FatFs/src/ff_gen_drv.o
 .debug_ranges  0x00000b78       0x18 Middlewares/Third_Party/FatFs/src/option/ccsbcs.o
 .debug_ranges  0x00000b90       0x50 Src/can.o
 .debug_ranges  0x00000be0       0x20 Src/can_log.o
 .debug_ranges  0x00000c00       0x18 Src/fatfs.o
 .debug_ranges  0x00000c18       0x90 Src/fatfs_sd.o
 .debug_ranges  0x00000ca8       0x10 Src/gpio.o
 .debug_ranges  0x00000cb8       0x20 Src/i2c.o
 .debug_ranges  0x00000cd8       0x30 Src/main.o
 .debug_ranges  0x00000d08       0x28 Src/master_da_prototipo.o
 .debug_ranges  0x00000d30       0x68 Src/sd_hal_mpu6050.o
 .debug_ranges  0x00000d98       0x20 Src/spi.o
 .debug_ranges  0x00000db8       0x10 Src/stm32f1xx_hal_msp.o
 .debug_ranges  0x00000dc8       0x68 Src/stm32f1xx_it.o
 .debug_ranges  0x00000e30       0x18 Src/system_stm32f1xx.o
 .debug_ranges  0x00000e48       0x20 Src/usart.o
 .debug_ranges  0x00000e68       0x30 Src/user_diskio.o
 .debug_ranges  0x00000e98       0x20 startup/startup_stm32f103xb.o

.debug_macro    0x00000000    0x19463
 .debug_macro   0x00000000      0x323 Drivers/STM32F1xx_HAL_Driver/Src/stm32f1xx_hal.o
 .debug_macro   0x00000323      0x8bc Drivers/STM32F1xx_HAL_Driver/Src/stm32f1xx_hal.o
 .debug_macro   0x00000bdf       0x3a Drivers/STM32F1xx_HAL_Driver/Src/stm32f1xx_hal.o
 .debug_macro   0x00000c19      0x175 Drivers/STM32F1xx_HAL_Driver/Src/stm32f1xx_hal.o
 .debug_macro   0x00000d8e       0x2e Drivers/STM32F1xx_HAL_Driver/Src/stm32f1xx_hal.o
 .debug_macro   0x00000dbc       0x22 Drivers/STM32F1xx_HAL_Driver/Src/stm32f1xx_hal.o
 .debug_macro   0x00000dde       0x22 Drivers/STM32F1xx_HAL_Driver/Src/stm32f1xx_hal.o
 .debug_macro   0x00000e00       0x87 Drivers/STM32F1xx_HAL_Driver/Src/stm32f1xx_hal.o
 .debug_macro   0x00000e87       0x51 Drivers/STM32F1xx_HAL_Driver/Src/stm32f1xx_hal.o
 .debug_macro   0x00000ed8       0xef Drivers/STM32F1xx_HAL_Driver/Src/stm32f1xx_hal.o
 .debug_macro   0x00000fc7       0x6a Drivers/STM32F1xx_HAL_Driver/Src/stm32f1xx_hal.o
 .debug_macro   0x00001031      0x1df Drivers/STM32F1xx_HAL_Driver/Src/stm32f1xx_hal.o
 .debug_macro   0x00001210       0x34 Drivers/STM32F1xx_HAL_Driver/Src/stm32f1xx_hal.o
 .debug_macro   0x00001244       0x34 Drivers/STM32F1xx_HAL_Driver/Src/stm32f1xx_hal.o
 .debug_macro   0x00001278      0xb8e Drivers/STM32F1xx_HAL_Driver/Src/stm32f1xx_hal.o
 .debug_macro   0x00001e06     0xe90a Drivers/STM32F1xx_HAL_Driver/Src/stm32f1xx_hal.o
 .debug_macro   0x00010710       0x43 Drivers/STM32F1xx_HAL_Driver/Src/stm32f1xx_hal.o
 .debug_macro   0x00010753       0x58 Drivers/STM32F1xx_HAL_Driver/Src/stm32f1xx_hal.o
 .debug_macro   0x000107ab       0x35 Drivers/STM32F1xx_HAL_Driver/Src/stm32f1xx_hal.o
 .debug_macro   0x000107e0       0x9c Drivers/STM32F1xx_HAL_Driver/Src/stm32f1xx_hal.o
 .debug_macro   0x0001087c       0x16 Drivers/STM32F1xx_HAL_Driver/Src/stm32f1xx_hal.o
 .debug_macro   0x00010892       0x97 Drivers/STM32F1xx_HAL_Driver/Src/stm32f1xx_hal.o
 .debug_macro   0x00010929      0x330 Drivers/STM32F1xx_HAL_Driver/Src/stm32f1xx_hal.o
 .debug_macro   0x00010c59       0xfd Drivers/STM32F1xx_HAL_Driver/Src/stm32f1xx_hal.o
 .debug_macro   0x00010d56       0x10 Drivers/STM32F1xx_HAL_Driver/Src/stm32f1xx_hal.o
 .debug_macro   0x00010d66       0x58 Drivers/STM32F1xx_HAL_Driver/Src/stm32f1xx_hal.o
 .debug_macro   0x00010dbe       0x1f Drivers/STM32F1xx_HAL_Driver/Src/stm32f1xx_hal.o
 .debug_macro   0x00010ddd       0x43 Drivers/STM32F1xx_HAL_Driver/Src/stm32f1xx_hal.o
 .debug_macro   0x00010e20       0x20 Drivers/STM32F1xx_HAL_Driver/Src/stm32f1xx_hal.o
 .debug_macro   0x00010e40      0x187 Drivers/STM32F1xx_HAL_Driver/Src/stm32f1xx_hal.o
 .debug_macro   0x00010fc7       0x10 Drivers/STM32F1xx_HAL_Driver/Src/stm32f1xx_hal.o
 .debug_macro   0x00010fd7       0x1c Drivers/STM32F1xx_HAL_Driver/Src/stm32f1xx_hal.o
 .debug_macro   0x00010ff3       0x52 Drivers/STM32F1xx_HAL_Driver/Src/stm32f1xx_hal.o
 .debug_macro   0x00011045       0x40 Drivers/STM32F1xx_HAL_Driver/Src/stm32f1xx_hal.o
 .debug_macro   0x00011085       0x10 Drivers/STM32F1xx_HAL_Driver/Src/stm32f1xx_hal.o
 .debug_macro   0x00011095       0x40 Drivers/STM32F1xx_HAL_Driver/Src/stm32f1xx_hal.o
 .debug_macro   0x000110d5       0xd7 Drivers/STM32F1xx_HAL_Driver/Src/stm32f1xx_hal.o
 .debug_macro   0x000111ac       0x16 Drivers/STM32F1xx_HAL_Driver/Src/stm32f1xx_hal.o
 .debug_macro   0x000111c2      0x18b Drivers/STM32F1xx_HAL_Driver/Src/stm32f1xx_hal.o
 .debug_macro   0x0001134d       0x50 Drivers/STM32F1xx_HAL_Driver/Src/stm32f1xx_hal.o
 .debug_macro   0x0001139d      0x5c2 Drivers/STM32F1xx_HAL_Driver/Src/stm32f1xx_hal.o
 .debug_macro   0x0001195f      0x28a Drivers/STM32F1xx_HAL_Driver/Src/stm32f1xx_hal.o
 .debug_macro   0x00011be9      0x1cb Drivers/STM32F1xx_HAL_Driver/Src/stm32f1xx_hal.o
 .debug_macro   0x00011db4      0x11e Drivers/STM32F1xx_HAL_Driver/Src/stm32f1xx_hal.o
 .debug_macro   0x00011ed2      0x1b3 Drivers/STM32F1xx_HAL_Driver/Src/stm32f1xx_hal.o
 .debug_macro   0x00012085       0x27 Drivers/STM32F1xx_HAL_Driver/Src/stm32f1xx_hal.o
 .debug_macro   0x000120ac      0x1bc Drivers/STM32F1xx_HAL_Driver/Src/stm32f1xx_hal.o
 .debug_macro   0x00012268       0x34 Drivers/STM32F1xx_HAL_Driver/Src/stm32f1xx_hal.o
 .debug_macro   0x0001229c       0x3c Drivers/STM32F1xx_HAL_Driver/Src/stm32f1xx_hal.o
 .debug_macro   0x000122d8      0x3a6 Drivers/STM32F1xx_HAL_Driver/Src/stm32f1xx_hal.o
 .debug_macro   0x0001267e       0x10 Drivers/STM32F1xx_HAL_Driver/Src/stm32f1xx_hal.o
 .debug_macro   0x0001268e       0x74 Drivers/STM32F1xx_HAL_Driver/Src/stm32f1xx_hal.o
 .debug_macro   0x00012702       0x57 Drivers/STM32F1xx_HAL_Driver/Src/stm32f1xx_hal.o
 .debug_macro   0x00012759       0x8c Drivers/STM32F1xx_HAL_Driver/Src/stm32f1xx_hal.o
 .debug_macro   0x000127e5      0x242 Drivers/STM32F1xx_HAL_Driver/Src/stm32f1xx_hal.o
 .debug_macro   0x00012a27      0x264 Drivers/STM32F1xx_HAL_Driver/Src/stm32f1xx_hal.o
 .debug_macro   0x00012c8b      0x143 Drivers/STM32F1xx_HAL_Driver/Src/stm32f1xx_hal.o
 .debug_macro   0x00012dce      0x1f4 Drivers/STM32F1xx_HAL_Driver/Src/stm32f1xx_hal.o
 .debug_macro   0x00012fc2      0x26b Drivers/STM32F1xx_HAL_Driver/Src/stm32f1xx_hal.o
 .debug_macro   0x0001322d       0x83 Drivers/STM32F1xx_HAL_Driver/Src/stm32f1xx_hal.o
 .debug_macro   0x000132b0      0x306 Drivers/STM32F1xx_HAL_Driver/Src/stm32f1xx_hal_can.o
 .debug_macro   0x000135b6      0x2ff Drivers/STM32F1xx_HAL_Driver/Src/stm32f1xx_hal_cortex.o
 .debug_macro   0x000138b5      0x36f Drivers/STM32F1xx_HAL_Driver/Src/stm32f1xx_hal_gpio.o
 .debug_macro   0x00013c24      0x33f Drivers/STM32F1xx_HAL_Driver/Src/stm32f1xx_hal_i2c.o
 .debug_macro   0x00013f63      0x311 Drivers/STM32F1xx_HAL_Driver/Src/stm32f1xx_hal_rcc.o
 .debug_macro   0x00014274      0x307 Drivers/STM32F1xx_HAL_Driver/Src/stm32f1xx_hal_spi.o
 .debug_macro   0x0001457b      0x2ff Drivers/STM32F1xx_HAL_Driver/Src/stm32f1xx_hal_spi_ex.o
 .debug_macro   0x0001487a      0x300 Drivers/STM32F1xx_HAL_Driver/Src/stm32f1xx_hal_uart.o
 .debug_macro   0x00014b7a      0x33f Middlewares/Third_Party/FatFs/src/diskio.o
 .debug_macro   0x00014eb9       0x16 Middlewares/Third_Party/FatFs/src/diskio.o
 .debug_macro   0x00014ecf       0x7c Middlewares/Third_Party/FatFs/src/diskio.o
 .debug_macro   0x00014f4b       0xda Middlewares/Third_Party/FatFs/src/diskio.o
 .debug_macro   0x00015025       0xee Middlewares/Third_Party/FatFs/src/diskio.o
 .debug_macro   0x00015113      0x586 Middlewares/Third_Party/FatFs/src/ff.o
 .debug_macro   0x00015699       0x8e Middlewares/Third_Party/FatFs/src/ff.o
 .debug_macro   0x00015727       0x4c Middlewares/Third_Party/FatFs/src/ff.o
 .debug_macro   0x00015773      0x33f Middlewares/Third_Party/FatFs/src/ff_gen_drv.o
 .debug_macro   0x00015ab2      0x32d Middlewares/Third_Party/FatFs/src/option/ccsbcs.o
 .debug_macro   0x00015ddf      0x313 Src/can.o
 .debug_macro   0x000160f2      0x398 Src/can_log.o
 .debug_macro   0x0001648a      0x17b Src/can_log.o
 .debug_macro   0x00016605       0xe0 Src/can_log.o
 .debug_macro   0x000166e5       0x64 Src/can_log.o
 .debug_macro   0x00016749       0x40 Src/can_log.o
 .debug_macro   0x00016789      0x352 Src/fatfs.o
 .debug_macro   0x00016adb      0x33e Src/fatfs_sd.o
 .debug_macro   0x00016e19       0x6a Src/fatfs_sd.o
 .debug_macro   0x00016e83      0x309 Src/gpio.o
 .debug_macro   0x0001718c      0x313 Src/i2c.o
 .debug_macro   0x0001749f      0x3c9 Src/main.o
 .debug_macro   0x00017868      0x37b Src/master_da_prototipo.o
 .debug_macro   0x00017be3      0x416 Src/sd_hal_mpu6050.o
 .debug_macro   0x00017ff9       0x3a Src/sd_hal_mpu6050.o
 .debug_macro   0x00018033      0x313 Src/spi.o
 .debug_macro   0x00018346      0x2ff Src/stm32f1xx_hal_msp.o
 .debug_macro   0x00018645      0x309 Src/stm32f1xx_it.o
 .debug_macro   0x0001894e      0x305 Src/system_stm32f1xx.o
 .debug_macro   0x00018c53      0x313 Src/usart.o
 .debug_macro   0x00018f66      0x379 Src/user_diskio.o
 .debug_macro   0x000192df      0x174 Src/user_diskio.o
 .debug_macro   0x00019453       0x10 Src/user_diskio.o

.debug_line     0x00000000    0x12198
 .debug_line    0x00000000      0x8f4 Drivers/STM32F1xx_HAL_Driver/Src/stm32f1xx_hal.o
 .debug_line    0x000008f4      0xd07 Drivers/STM32F1xx_HAL_Driver/Src/stm32f1xx_hal_can.o
 .debug_line    0x000015fb      0x8f3 Drivers/STM32F1xx_HAL_Driver/Src/stm32f1xx_hal_cortex.o
 .debug_line    0x00001eee      0x8f5 Drivers/STM32F1xx_HAL_Driver/Src/stm32f1xx_hal_gpio.o
 .debug_line    0x000027e3     0x19e1 Drivers/STM32F1xx_HAL_Driver/Src/stm32f1xx_hal_i2c.o
 .debug_line    0x000041c4      0xa07 Drivers/STM32F1xx_HAL_Driver/Src/stm32f1xx_hal_rcc.o
 .debug_line    0x00004bcb     0x1132 Drivers/STM32F1xx_HAL_Driver/Src/stm32f1xx_hal_spi.o
 .debug_line    0x00005cfd      0x772 Drivers/STM32F1xx_HAL_Driver/Src/stm32f1xx_hal_spi_ex.o
 .debug_line    0x0000646f     0x1025 Drivers/STM32F1xx_HAL_Driver/Src/stm32f1xx_hal_uart.o
 .debug_line    0x00007494      0x7e8 Middlewares/Third_Party/FatFs/src/diskio.o
 .debug_line    0x00007c7c     0x1990 Middlewares/Third_Party/FatFs/src/ff.o
 .debug_line    0x0000960c      0x7ed Middlewares/Third_Party/FatFs/src/ff_gen_drv.o
 .debug_line    0x00009df9      0x7ef Middlewares/Third_Party/FatFs/src/option/ccsbcs.o
 .debug_line    0x0000a5e8      0x831 Src/can.o
 .debug_line    0x0000ae19      0x8c8 Src/can_log.o
 .debug_line    0x0000b6e1      0x7e8 Src/fatfs.o
 .debug_line    0x0000bec9      0xb56 Src/fatfs_sd.o
 .debug_line    0x0000ca1f      0x748 Src/gpio.o
 .debug_line    0x0000d167      0x778 Src/i2c.o
 .debug_line    0x0000d8df      0x8e7 Src/main.o
 .debug_line    0x0000e1c6      0x874 Src/master_da_prototipo.o
 .debug_line    0x0000ea3a      0x8db Src/sd_hal_mpu6050.o
 .debug_line    0x0000f315      0x77f Src/spi.o
 .debug_line    0x0000fa94      0x745 Src/stm32f1xx_hal_msp.o
 .debug_line    0x000101d9      0x80d Src/stm32f1xx_it.o
 .debug_line    0x000109e6      0x778 Src/system_stm32f1xx.o
 .debug_line    0x0001115e      0x77f Src/usart.o
 .debug_line    0x000118dd      0x83e Src/user_diskio.o
 .debug_line    0x0001211b       0x7d startup/startup_stm32f103xb.o

.debug_str      0x00000000    0x731f5
 .debug_str     0x00000000    0x6dc30 Drivers/STM32F1xx_HAL_Driver/Src/stm32f1xx_hal.o
                              0x6dfdb (size before relaxing)
 .debug_str     0x0006dc30      0x561 Drivers/STM32F1xx_HAL_Driver/Src/stm32f1xx_hal_can.o
                              0x6de2c (size before relaxing)
 .debug_str     0x0006e191      0x2af Drivers/STM32F1xx_HAL_Driver/Src/stm32f1xx_hal_cortex.o
                              0x6df30 (size before relaxing)
 .debug_str     0x0006e440      0x3aa Drivers/STM32F1xx_HAL_Driver/Src/stm32f1xx_hal_gpio.o
                              0x6dc77 (size before relaxing)
 .debug_str     0x0006e7ea      0xe62 Drivers/STM32F1xx_HAL_Driver/Src/stm32f1xx_hal_i2c.o
                              0x6e7b0 (size before relaxing)
 .debug_str     0x0006f64c      0x348 Drivers/STM32F1xx_HAL_Driver/Src/stm32f1xx_hal_rcc.o
                              0x6dccc (size before relaxing)
 .debug_str     0x0006f994      0x6af Drivers/STM32F1xx_HAL_Driver/Src/stm32f1xx_hal_spi.o
                              0x6e189 (size before relaxing)
 .debug_str     0x00070043       0x3b Drivers/STM32F1xx_HAL_Driver/Src/stm32f1xx_hal_spi_ex.o
                              0x6dc58 (size before relaxing)
 .debug_str     0x0007007e      0x67b Drivers/STM32F1xx_HAL_Driver/Src/stm32f1xx_hal_uart.o
                              0x6e1e5 (size before relaxing)
 .debug_str     0x000706f9      0x835 Middlewares/Third_Party/FatFs/src/diskio.o
                              0x6e09c (size before relaxing)
 .debug_str     0x00070f2e      0xe57 Middlewares/Third_Party/FatFs/src/ff.o
                              0x6ef31 (size before relaxing)
 .debug_str     0x00071d85       0xa2 Middlewares/Third_Party/FatFs/src/ff_gen_drv.o
                              0x6e0ed (size before relaxing)
 .debug_str     0x00071e27       0x53 Middlewares/Third_Party/FatFs/src/option/ccsbcs.o
                              0x6de8d (size before relaxing)
 .debug_str     0x00071e7a       0xbd Src/can.o
                              0x6e150 (size before relaxing)
 .debug_str     0x00071f37      0x511 Src/can_log.o
                              0x6f099 (size before relaxing)
 .debug_str     0x00072448       0x1d Src/fatfs.o
                              0x6e170 (size before relaxing)
 .debug_str     0x00072465      0x142 Src/fatfs_sd.o
                              0x6e083 (size before relaxing)
 .debug_str     0x000725a7       0x1b Src/gpio.o
                              0x6d919 (size before relaxing)
 .debug_str     0x000725c2       0x24 Src/i2c.o
                              0x6ddc8 (size before relaxing)
 .debug_str     0x000725e6       0xb2 Src/main.o
                              0x6f5ba (size before relaxing)
 .debug_str     0x00072698      0x19f Src/master_da_prototipo.o
                              0x6ef84 (size before relaxing)
 .debug_str     0x00072837      0x72d Src/sd_hal_mpu6050.o
                              0x6e73f (size before relaxing)
 .debug_str     0x00072f64       0x17 Src/spi.o
                              0x6dd0b (size before relaxing)
 .debug_str     0x00072f7b       0x1b Src/stm32f1xx_hal_msp.o
                              0x6dbb8 (size before relaxing)
 .debug_str     0x00072f96       0xd1 Src/stm32f1xx_it.o
                              0x6dc94 (size before relaxing)
 .debug_str     0x00073067       0x69 Src/system_stm32f1xx.o
                              0x6d922 (size before relaxing)
 .debug_str     0x000730d0       0x1a Src/usart.o
                              0x6dcf4 (size before relaxing)
 .debug_str     0x000730ea      0x10b Src/user_diskio.o
                              0x6e2a7 (size before relaxing)

.comment        0x00000000       0x7f
 .comment       0x00000000       0x7f Drivers/STM32F1xx_HAL_Driver/Src/stm32f1xx_hal.o
                                 0x80 (size before relaxing)
 .comment       0x0000007f       0x80 Drivers/STM32F1xx_HAL_Driver/Src/stm32f1xx_hal_can.o
 .comment       0x0000007f       0x80 Drivers/STM32F1xx_HAL_Driver/Src/stm32f1xx_hal_cortex.o
 .comment       0x0000007f       0x80 Drivers/STM32F1xx_HAL_Driver/Src/stm32f1xx_hal_gpio.o
 .comment       0x0000007f       0x80 Drivers/STM32F1xx_HAL_Driver/Src/stm32f1xx_hal_i2c.o
 .comment       0x0000007f       0x80 Drivers/STM32F1xx_HAL_Driver/Src/stm32f1xx_hal_rcc.o
 .comment       0x0000007f       0x80 Drivers/STM32F1xx_HAL_Driver/Src/stm32f1xx_hal_spi.o
 .comment       0x0000007f       0x80 Drivers/STM32F1xx_HAL_Driver/Src/stm32f1xx_hal_spi_ex.o
 .comment       0x0000007f       0x80 Drivers/STM32F1xx_HAL_Driver/Src/stm32f1xx_hal_uart.o
 .comment       0x0000007f       0x80 Middlewares/Third_Party/FatFs/src/diskio.o
 .comment       0x0000007f       0x80 Middlewares/Third_Party/FatFs/src/ff.o
 .comment       0x0000007f       0x80 Middlewares/Third_Party/FatFs/src/ff_gen_drv.o
 .comment       0x0000007f       0x80 Middlewares/Third_Party/FatFs/src/option/ccsbcs.o
 .comment       0x0000007f       0x80 Src/can.o
 .comment       0x0000007f       0x80 Src/can_log.o
 .comment       0x0000007f       0x80 Src/fatfs.o
 .comment       0x0000007f       0x80 Src/fatfs_sd.o
 .comment       0x0000007f       0x80 Src/gpio.o
 .comment       0x0000007f       0x80 Src/i2c.o
 .comment       0x0000007f       0x80 Src/main.o
 .comment       0x0000007f       0x80 Src/master_da_prototipo.o
 .comment       0x0000007f       0x80 Src/sd_hal_mpu6050.o
 .comment       0x0000007f       0x80 Src/spi.o
 .comment       0x0000007f       0x80 Src/stm32f1xx_hal_msp.o
 .comment       0x0000007f       0x80 Src/stm32f1xx_it.o
 .comment       0x0000007f       0x80 Src/system_stm32f1xx.o
 .comment       0x0000007f       0x80 Src/usart.o
 .comment       0x0000007f       0x80 Src/user_diskio.o

.debug_frame    0x00000000     0x31d4
 .debug_frame   0x00000000      0x1ac Drivers/STM32F1xx_HAL_Driver/Src/stm32f1xx_hal.o
 .debug_frame   0x000001ac      0x208 Drivers/STM32F1xx_HAL_Driver/Src/stm32f1xx_hal_can.o
 .debug_frame   0x000003b4      0x12c Drivers/STM32F1xx_HAL_Driver/Src/stm32f1xx_hal_cortex.o
 .debug_frame   0x000004e0       0xe4 Drivers/STM32F1xx_HAL_Driver/Src/stm32f1xx_hal_gpio.o
 .debug_frame   0x000005c4      0x854 Drivers/STM32F1xx_HAL_Driver/Src/stm32f1xx_hal_i2c.o
 .debug_frame   0x00000e18      0x170 Drivers/STM32F1xx_HAL_Driver/Src/stm32f1xx_hal_rcc.o
 .debug_frame   0x00000f88      0x570 Drivers/STM32F1xx_HAL_Driver/Src/stm32f1xx_hal_spi.o
 .debug_frame   0x000014f8       0x2c Drivers/STM32F1xx_HAL_Driver/Src/stm32f1xx_hal_spi_ex.o
 .debug_frame   0x00001524      0x4e8 Drivers/STM32F1xx_HAL_Driver/Src/stm32f1xx_hal_uart.o
 .debug_frame   0x00001a0c       0xa0 Middlewares/Third_Party/FatFs/src/diskio.o
 .debug_frame   0x00001aac      0x85c Middlewares/Third_Party/FatFs/src/ff.o
 .debug_frame   0x00002308       0x7c Middlewares/Third_Party/FatFs/src/ff_gen_drv.o
 .debug_frame   0x00002384       0x30 Middlewares/Third_Party/FatFs/src/option/ccsbcs.o
 .debug_frame   0x000023b4       0xf0 Src/can.o
 .debug_frame   0x000024a4       0x6c Src/can_log.o
 .debug_frame   0x00002510       0x38 Src/fatfs.o
 .debug_frame   0x00002548      0x1d4 Src/fatfs_sd.o
 .debug_frame   0x0000271c       0x38 Src/gpio.o
 .debug_frame   0x00002754       0x5c Src/i2c.o
 .debug_frame   0x000027b0       0xa8 Src/main.o
 .debug_frame   0x00002858       0x74 Src/master_da_prototipo.o
 .debug_frame   0x000028cc      0x1c0 Src/sd_hal_mpu6050.o
 .debug_frame   0x00002a8c       0x60 Src/spi.o
 .debug_frame   0x00002aec       0x2c Src/stm32f1xx_hal_msp.o
 .debug_frame   0x00002b18       0xe8 Src/stm32f1xx_it.o
 .debug_frame   0x00002c00       0x30 Src/system_stm32f1xx.o
 .debug_frame   0x00002c30       0x60 Src/usart.o
 .debug_frame   0x00002c90       0x88 Src/user_diskio.o
 .debug_frame   0x00002d18       0xac c:/ac6/systemworkbench/plugins/fr.ac6.mcu.externaltools.arm-none.win32_1.15.0.201708311556/tools/compiler/bin/../lib/gcc/arm-none-eabi/6.3.1/thumb/v7-m\libgcc.a(_arm_addsubdf3.o)
 .debug_frame   0x00002dc4       0x50 c:/ac6/systemworkbench/plugins/fr.ac6.mcu.externaltools.arm-none.win32_1.15.0.201708311556/tools/compiler/bin/../lib/gcc/arm-none-eabi/6.3.1/thumb/v7-m\libgcc.a(_arm_muldivdf3.o)
 .debug_frame   0x00002e14       0x24 c:/ac6/systemworkbench/plugins/fr.ac6.mcu.externaltools.arm-none.win32_1.15.0.201708311556/tools/compiler/bin/../lib/gcc/arm-none-eabi/6.3.1/thumb/v7-m\libgcc.a(_arm_fixdfsi.o)
 .debug_frame   0x00002e38       0x2c c:/ac6/systemworkbench/plugins/fr.ac6.mcu.externaltools.arm-none.win32_1.15.0.201708311556/tools/compiler/bin/../lib/gcc/arm-none-eabi/6.3.1/../../../../arm-none-eabi/lib/thumb/v7-m\libc_nano.a(lib_a-init.o)
 .debug_frame   0x00002e64       0x70 c:/ac6/systemworkbench/plugins/fr.ac6.mcu.externaltools.arm-none.win32_1.15.0.201708311556/tools/compiler/bin/../lib/gcc/arm-none-eabi/6.3.1/../../../../arm-none-eabi/lib/thumb/v7-m\libc_nano.a(lib_a-sprintf.o)
 .debug_frame   0x00002ed4       0x90 c:/ac6/systemworkbench/plugins/fr.ac6.mcu.externaltools.arm-none.win32_1.15.0.201708311556/tools/compiler/bin/../lib/gcc/arm-none-eabi/6.3.1/../../../../arm-none-eabi/lib/thumb/v7-m\libc_nano.a(lib_a-nano-svfprintf.o)
 .debug_frame   0x00002f64       0x60 c:/ac6/systemworkbench/plugins/fr.ac6.mcu.externaltools.arm-none.win32_1.15.0.201708311556/tools/compiler/bin/../lib/gcc/arm-none-eabi/6.3.1/../../../../arm-none-eabi/lib/thumb/v7-m\libc_nano.a(lib_a-nano-vfprintf_i.o)
 .debug_frame   0x00002fc4       0x28 c:/ac6/systemworkbench/plugins/fr.ac6.mcu.externaltools.arm-none.win32_1.15.0.201708311556/tools/compiler/bin/../lib/gcc/arm-none-eabi/6.3.1/../../../../arm-none-eabi/lib/thumb/v7-m\libc_nano.a(lib_a-memchr-stub.o)
 .debug_frame   0x00002fec       0x28 c:/ac6/systemworkbench/plugins/fr.ac6.mcu.externaltools.arm-none.win32_1.15.0.201708311556/tools/compiler/bin/../lib/gcc/arm-none-eabi/6.3.1/../../../../arm-none-eabi/lib/thumb/v7-m\libc_nano.a(lib_a-memcpy-stub.o)
 .debug_frame   0x00003014       0x28 c:/ac6/systemworkbench/plugins/fr.ac6.mcu.externaltools.arm-none.win32_1.15.0.201708311556/tools/compiler/bin/../lib/gcc/arm-none-eabi/6.3.1/../../../../arm-none-eabi/lib/thumb/v7-m\libc_nano.a(lib_a-memmove.o)
 .debug_frame   0x0000303c       0x38 c:/ac6/systemworkbench/plugins/fr.ac6.mcu.externaltools.arm-none.win32_1.15.0.201708311556/tools/compiler/bin/../lib/gcc/arm-none-eabi/6.3.1/../../../../arm-none-eabi/lib/thumb/v7-m\libc_nano.a(lib_a-nano-freer.o)
 .debug_frame   0x00003074       0x2c c:/ac6/systemworkbench/plugins/fr.ac6.mcu.externaltools.arm-none.win32_1.15.0.201708311556/tools/compiler/bin/../lib/gcc/arm-none-eabi/6.3.1/../../../../arm-none-eabi/lib/thumb/v7-m\libc_nano.a(lib_a-nano-mallocr.o)
 .debug_frame   0x000030a0       0x3c c:/ac6/systemworkbench/plugins/fr.ac6.mcu.externaltools.arm-none.win32_1.15.0.201708311556/tools/compiler/bin/../lib/gcc/arm-none-eabi/6.3.1/../../../../arm-none-eabi/lib/thumb/v7-m\libc_nano.a(lib_a-nano-reallocr.o)
 .debug_frame   0x000030dc       0x2c c:/ac6/systemworkbench/plugins/fr.ac6.mcu.externaltools.arm-none.win32_1.15.0.201708311556/tools/compiler/bin/../lib/gcc/arm-none-eabi/6.3.1/../../../../arm-none-eabi/lib/thumb/v7-m\libc_nano.a(lib_a-sbrkr.o)
 .debug_frame   0x00003108       0x30 c:/ac6/systemworkbench/plugins/fr.ac6.mcu.externaltools.arm-none.win32_1.15.0.201708311556/tools/compiler/bin/../lib/gcc/arm-none-eabi/6.3.1/../../../../arm-none-eabi/lib/thumb/v7-m\libc_nano.a(lib_a-mlock.o)
 .debug_frame   0x00003138       0x20 c:/ac6/systemworkbench/plugins/fr.ac6.mcu.externaltools.arm-none.win32_1.15.0.201708311556/tools/compiler/bin/../lib/gcc/arm-none-eabi/6.3.1/../../../../arm-none-eabi/lib/thumb/v7-m\libc_nano.a(lib_a-nano-msizer.o)
 .debug_frame   0x00003158       0x5c c:/ac6/systemworkbench/plugins/fr.ac6.mcu.externaltools.arm-none.win32_1.15.0.201708311556/tools/compiler/bin/../lib/gcc/arm-none-eabi/6.3.1/../../../../arm-none-eabi/lib/thumb/v7-m\libc_nano.a(lib_a-reent.o)
 .debug_frame   0x000031b4       0x20 c:/ac6/systemworkbench/plugins/fr.ac6.mcu.externaltools.arm-none.win32_1.15.0.201708311556/tools/compiler/bin/../lib/gcc/arm-none-eabi/6.3.1/../../../../arm-none-eabi/lib/thumb/v7-m\libnosys.a(sbrk.o)